<html>
<body>
<pre>
<h1>µVision Build Log</h1>
<h2>Tool Versions:</h2>
IDE-Version: ¶ÃVision V5.25.3.0
Copyright (C) 2018 ARM Ltd and ARM Germany GmbH. All rights reserved.
License Information: wqw Administrator, wqw, LIC=9WSKC-7Z02M-MM49I-T30GK-MR37X-2XXUU
 
Tool Versions:
Toolchain:       MDK-ARM Plus  Version: 5.14.0.0
Toolchain Path:  D:\Keil_v5\ARM\ARMCC\Bin
C Compiler:      Armcc.exe V5.05 update 1 (build 106)
Assembler:       Armasm.exe V5.05 update 1 (build 106)
Linker/Locator:  ArmLink.exe V5.05 update 1 (build 106)
Library Manager: ArmAr.exe V5.05 update 1 (build 106)
Hex Converter:   FromElf.exe V5.05 update 1 (build 106)
CPU DLL:         SARMCM3.DLL V5.14.0.0
Dialog DLL:      DCM.DLL V1.13.1.0
Target DLL:      STLink\ST-LINKIII-KEIL_SWO.dll V2.0.14.0_KEIL
Dialog DLL:      TCM.DLL V1.14.4.0
 
<h2>Project:</h2>
E:\STM32\ÕÙÕÙ¥Û‘ËÃ√‘¥¬Î\USER\CSTX.uvprojx
Project File Date:  05/15/2023

<h2>Output:</h2>
*** Using Compiler 'V5.05 update 1 (build 106)', folder: 'D:\Keil_v5\ARM\ARMCC\Bin'
Rebuild target 'Target 1'
compiling stm32f10x_it.c...
compiling misc.c...
compiling system_stm32f10x.c...
compiling stm32f10x_bkp.c...
compiling main.c...
..\HARDWARE\FUNC\func.h(26): warning:  #1295-D: Deprecated declaration deviceStatusInit - give arg types
  void deviceStatusInit();
..\HARDWARE\FUNC\func.h(27): warning:  #1-D: last line of file ends without a newline
  #endif
main.c(78): warning:  #223-D: function "do_get" declared implicitly
              do_get();
main.c(89): warning:  #111-D: statement is unreachable
      return 0;
main.c(27): warning:  #177-D: variable "temp_disp" was declared but never referenced
      char temp_disp[128];
main.c: 5 warnings, 0 errors
compiling stm32f10x_crc.c...
compiling stm32f10x_dac.c...
compiling stm32f10x_adc.c...
compiling stm32f10x_dbgmcu.c...
compiling stm32f10x_cec.c...
compiling stm32f10x_can.c...
compiling stm32f10x_exti.c...
compiling stm32f10x_dma.c...
compiling stm32f10x_fsmc.c...
compiling stm32f10x_flash.c...
compiling stm32f10x_gpio.c...
compiling stm32f10x_iwdg.c...
compiling stm32f10x_pwr.c...
compiling stm32f10x_i2c.c...
compiling stm32f10x_rtc.c...
compiling stm32f10x_rcc.c...
compiling stm32f10x_sdio.c...
assembling startup_stm32f10x_hd.s...
compiling stm32f10x_spi.c...
compiling core_cm3.c...
compiling stm32f10x_wwdg.c...
compiling stm32f10x_usart.c...
compiling wdg.c...
compiling stm32f10x_tim.c...
compiling led.c...
compiling timer.c...
compiling log.c...
..\HARDWARE\FUNC\log.c(3): warning:  #1-D: last line of file ends without a newline
  #include "log.h"
..\HARDWARE\FUNC\log.h(6): warning:  #1-D: last line of file ends without a newline
  #endif
..\HARDWARE\FUNC\log.c: 2 warnings, 0 errors
compiling 4G.c...
..\HARDWARE\FUNC\func.h(26): warning:  #1295-D: Deprecated declaration deviceStatusInit - give arg types
  void deviceStatusInit();
..\HARDWARE\FUNC\func.h(27): warning:  #1-D: last line of file ends without a newline
  #endif
..\HARDWARE\4G\4G.c(266): warning:  #181-D: argument is incompatible with corresponding format string conversion
  				sscanf(buf_uart2.buf, "\r\n+QMTRECV: 0,0,\"/ict71NcvRb1/test/user/get\",\"%[^\"]", &get_msg);
..\HARDWARE\4G\4G.c: 3 warnings, 0 errors
compiling GUI.c...
compiling Lcd_Driver.c...
compiling QDTFT_demo.c...
compiling dht11.c...
compiling func.c...
..\HARDWARE\FUNC\func.h(26): warning:  #1295-D: Deprecated declaration deviceStatusInit - give arg types
  void deviceStatusInit();
..\HARDWARE\FUNC\func.h(27): warning:  #1-D: last line of file ends without a newline
  #endif
..\HARDWARE\FUNC\func.c(115): warning:  #68-D: integer conversion resulted in a change of sign
      char deviceId = -1;
..\HARDWARE\FUNC\func.c(124): warning:  #181-D: argument is incompatible with corresponding format string conversion
      sscanf(get_msg, "%d_%d", &deviceId, &workStatus);
..\HARDWARE\FUNC\func.c(126): warning:  #514-D: pointless comparison of unsigned integer with a negative constant
      if ((-1 > workStatus) && (-1 > deviceId))
..\HARDWARE\FUNC\func.c(114): warning:  #177-D: variable "ptr" was declared but never referenced
      char *ptr = NULL;
..\HARDWARE\FUNC\func.c: 6 warnings, 0 errors
compiling delay.c...
compiling sys.c...
compiling usart.c...
linking...
Program Size: Code=27212 RO-data=10964 RW-data=76 ZI-data=3180  
FromELF: creating hex file...
"..\OUTPUT\CSTX.axf" - 0 Error(s), 16 Warning(s).

<h2>Software Packages used:</h2>

Package Vendor: Keil
                http://www.keil.com/pack/Keil.STM32F1xx_DFP.2.2.0.pack
                Keil.STM32F1xx_DFP.2.2.0
                STMicroelectronics STM32F1 Series Device Support, Drivers and Examples

<h2>Collection of Component include folders:</h2>
  .\RTE\_Target_1
  D:\Keil_v5\ARM\PACK\Keil\STM32F1xx_DFP\2.2.0\Device\Include

<h2>Collection of Component Files used:</h2>
Build Time Elapsed:  00:00:01
</pre>
</body>
</html>
