Component: ARM Compiler 5.05 update 1 (build 106) Tool: armlink [4d0efa]

==============================================================================

Section Cross References

    main.o(.text) refers to delay.o(.text) for delay_init
    main.o(.text) refers to sys.o(.text) for NVIC_Configuration
    main.o(.text) refers to led.o(.text) for CSTX_4GCTR_Init
    main.o(.text) refers to usart.o(.text) for uart_init
    main.o(.text) refers to lcd_driver.o(.text) for Lcd_Init
    main.o(.text) refers to qdtft_demo.o(.text) for Num_Test
    main.o(.text) refers to log.o(.text) for log_printf
    main.o(.text) refers to 4g.o(.text) for CSTX_4G_Init
    main.o(.text) refers to func.o(.text) for deviceStatusInit
    main.o(.text) refers to wdg.o(.text) for IWDG_Feed
    main.o(.text) refers to main.o(.constdata) for gImage_qq
    main.o(.text) refers to main.o(.conststring) for .conststring
    system_stm32f10x.o(.text) refers to stm32f10x_rcc.o(.text) for RCC_DeInit
    system_stm32f10x.o(.text) refers to stm32f10x_flash.o(.text) for FLASH_PrefetchBufferCmd
    system_stm32f10x.o(.text) refers to system_stm32f10x.o(.data) for SystemCoreClock
    stm32f10x_adc.o(.text) refers to stm32f10x_rcc.o(.text) for RCC_APB2PeriphResetCmd
    stm32f10x_bkp.o(.text) refers to stm32f10x_rcc.o(.text) for RCC_BackupResetCmd
    stm32f10x_can.o(.text) refers to stm32f10x_rcc.o(.text) for RCC_APB1PeriphResetCmd
    stm32f10x_cec.o(.text) refers to stm32f10x_rcc.o(.text) for RCC_APB1PeriphResetCmd
    stm32f10x_dac.o(.text) refers to stm32f10x_rcc.o(.text) for RCC_APB1PeriphResetCmd
    stm32f10x_gpio.o(.text) refers to stm32f10x_rcc.o(.text) for RCC_APB2PeriphResetCmd
    stm32f10x_i2c.o(.text) refers to stm32f10x_rcc.o(.text) for RCC_APB1PeriphResetCmd
    stm32f10x_pwr.o(.text) refers to stm32f10x_rcc.o(.text) for RCC_APB1PeriphResetCmd
    stm32f10x_rcc.o(.text) refers to stm32f10x_rcc.o(.data) for APBAHBPrescTable
    stm32f10x_spi.o(.text) refers to stm32f10x_rcc.o(.text) for RCC_APB2PeriphResetCmd
    stm32f10x_tim.o(.text) refers to stm32f10x_rcc.o(.text) for RCC_APB2PeriphResetCmd
    stm32f10x_usart.o(.text) refers to stm32f10x_rcc.o(.text) for RCC_APB2PeriphResetCmd
    stm32f10x_wwdg.o(.text) refers to stm32f10x_rcc.o(.text) for RCC_APB1PeriphResetCmd
    startup_stm32f10x_hd.o(STACK) refers (Special) to heapauxi.o(.text) for __use_two_region_memory
    startup_stm32f10x_hd.o(HEAP) refers (Special) to heapauxi.o(.text) for __use_two_region_memory
    startup_stm32f10x_hd.o(RESET) refers (Special) to heapauxi.o(.text) for __use_two_region_memory
    startup_stm32f10x_hd.o(RESET) refers to startup_stm32f10x_hd.o(STACK) for __initial_sp
    startup_stm32f10x_hd.o(RESET) refers to startup_stm32f10x_hd.o(.text) for Reset_Handler
    startup_stm32f10x_hd.o(RESET) refers to stm32f10x_it.o(.text) for NMI_Handler
    startup_stm32f10x_hd.o(RESET) refers to timer.o(.text) for TIM3_IRQHandler
    startup_stm32f10x_hd.o(RESET) refers to usart.o(.text) for USART1_IRQHandler
    startup_stm32f10x_hd.o(.text) refers (Special) to heapauxi.o(.text) for __use_two_region_memory
    startup_stm32f10x_hd.o(.text) refers to system_stm32f10x.o(.text) for SystemInit
    startup_stm32f10x_hd.o(.text) refers to __main.o(!!!main) for __main
    startup_stm32f10x_hd.o(.text) refers to startup_stm32f10x_hd.o(HEAP) for Heap_Mem
    startup_stm32f10x_hd.o(.text) refers to startup_stm32f10x_hd.o(STACK) for Stack_Mem
    led.o(.text) refers to stm32f10x_rcc.o(.text) for RCC_APB2PeriphClockCmd
    led.o(.text) refers to stm32f10x_gpio.o(.text) for GPIO_PinRemapConfig
    led.o(.text) refers to delay.o(.text) for delay_ms
    wdg.o(.text) refers to stm32f10x_iwdg.o(.text) for IWDG_WriteAccessCmd
    timer.o(.text) refers to stm32f10x_rcc.o(.text) for RCC_APB1PeriphClockCmd
    timer.o(.text) refers to stm32f10x_tim.o(.text) for TIM_TimeBaseInit
    timer.o(.text) refers to misc.o(.text) for NVIC_Init
    4g.o(.text) refers to _printf_percent.o(.ARM.Collect$$_printf_percent$$00000000) for _printf_percent
    4g.o(.text) refers to _printf_s.o(.ARM.Collect$$_printf_percent$$00000014) for _printf_s
    4g.o(.text) refers to _printf_str.o(.text) for _printf_str
    4g.o(.text) refers to _printf_d.o(.ARM.Collect$$_printf_percent$$00000009) for _printf_d
    4g.o(.text) refers to _printf_dec.o(.text) for _printf_int_dec
    4g.o(.text) refers to _scanf_str.o(.text) for _scanf_string
    4g.o(.text) refers to c89printf.o(.text) for __c89printf
    4g.o(.text) refers to strstr.o(.text) for strstr
    4g.o(.text) refers to gui.o(.text) for Gui_DrawFont_GBK16
    4g.o(.text) refers to delay.o(.text) for delay_ms
    4g.o(.text) refers to rt_memclr_w.o(.text) for __aeabi_memclr4
    4g.o(.text) refers to wdg.o(.text) for IWDG_Feed
    4g.o(.text) refers to __2printf.o(.text) for __2printf
    4g.o(.text) refers to usart.o(.text) for Uart2_SendStr
    4g.o(.text) refers to rt_memclr.o(.text) for __aeabi_memclr
[...]
    __lcctype_c_name                         0x080094a8   Data           2  lc_ctype_c.o(locale$$data)
    __lcctype_c_start                        0x080094b0   Data           0  lc_ctype_c.o(locale$$data)
    __lcctype_c_end                          0x080095b4   Data           0  lc_ctype_c.o(locale$$data)
    .data                                    0x20000000   Section       20  system_stm32f10x.o(.data)
    .data                                    0x20000014   Section       20  stm32f10x_rcc.o(.data)
    APBAHBPrescTable                         0x20000014   Data          16  stm32f10x_rcc.o(.data)
    ADCPrescTable                            0x20000024   Data           4  stm32f10x_rcc.o(.data)
    .data                                    0x20000028   Section       16  4g.o(.data)
    .data                                    0x20000038   Section       10  qdtft_demo.o(.data)
    .data                                    0x20000044   Section        4  log.o(.data)
    .data                                    0x20000048   Section        4  delay.o(.data)
    fac_us                                   0x20000048   Data           1  delay.o(.data)
    fac_ms                                   0x2000004a   Data           2  delay.o(.data)
    .data                                    0x2000004c   Section        4  usart.o(.data)
    .bss                                     0x20000050   Section      627  4g.o(.bss)
    .bss                                     0x200002c4   Section      128  func.o(.bss)
    .bss                                     0x20000344   Section      128  log.o(.bss)
    .bss                                     0x200003c4   Section      792  usart.o(.bss)
    .bss                                     0x200006dc   Section       96  libspace.o(.bss)
    HEAP                                     0x20000740   Section      512  startup_stm32f10x_hd.o(HEAP)
    Heap_Mem                                 0x20000740   Data         512  startup_stm32f10x_hd.o(HEAP)
    STACK                                    0x20000940   Section     1024  startup_stm32f10x_hd.o(STACK)
    Stack_Mem                                0x20000940   Data        1024  startup_stm32f10x_hd.o(STACK)
    __initial_sp                             0x20000d40   Data           0  startup_stm32f10x_hd.o(STACK)

    Global Symbols

    Symbol Name                              Value     Ov Type        Size  Object(Section)

    BuildAttributes$$THM_ISAv4$P$D$K$B$S$PE$A:L22UL41UL21$X:L11$S22US41US21$IEEE1$IW$USESV6$~STKCKD$USESV7$~SHL$OTIME$ROPI$IEEEJ$EBA8$UX$STANDARDLIB$REQ8$PRES8$EABIv2 0x00000000   Number         0  anon$$obj.o ABSOLUTE
    __ARM_use_no_argv                        0x00000000   Number         0  main.o ABSOLUTE
    _printf_flags                            0x00000000   Number         0  printf_stubs.o ABSOLUTE
    _printf_return_value                     0x00000000   Number         0  printf_stubs.o ABSOLUTE
    _printf_sizespec                         0x00000000   Number         0  printf_stubs.o ABSOLUTE
    _printf_widthprec                        0x00000000   Number         0  printf_stubs.o ABSOLUTE
    __ARM_exceptions_init                     - Undefined Weak Reference
    __alloca_initialize                       - Undefined Weak Reference
    __arm_preinit_                            - Undefined Weak Reference
    __cpp_initialize__aeabi_                  - Undefined Weak Reference
    __cxa_finalize                            - Undefined Weak Reference
    __sigvec_lookup                           - Undefined Weak Reference
    _atexit_init                              - Undefined Weak Reference
    _call_atexit_fns                          - Undefined Weak Reference
    _clock_init                               - Undefined Weak Reference
    _fp_trap_init                             - Undefined Weak Reference
    _fp_trap_shutdown                         - Undefined Weak Reference
    _get_lc_collate                           - Undefined Weak Reference
    _get_lc_monetary                          - Undefined Weak Reference
    _get_lc_time                              - Undefined Weak Reference
    _getenv_init                              - Undefined Weak Reference
    _handle_redirection                       - Undefined Weak Reference
    _init_alloc                               - Undefined Weak Reference
    _init_user_alloc                          - Undefined Weak Reference
    _initio                                   - Undefined Weak Reference
    _mutex_acquire                            - Undefined Weak Reference
    _mutex_release                            - Undefined Weak Reference
    _printf_fp_hex                            - Undefined Weak Reference
    _printf_mbtowc                            - Undefined Weak Reference
    _printf_wc                                - Undefined Weak Reference
    _rand_init                                - Undefined Weak Reference
    _scanf_longlong                           - Undefined Weak Reference
    _scanf_mbtowc                             - Undefined Weak Reference
    _scanf_real                               - Undefined Weak Reference
    _scanf_wctomb                             - Undefined Weak Reference
    _scanf_wstring                            - Undefined Weak Reference
    _signal_finish                            - Undefined Weak Reference
    _signal_init                              - Undefined Weak Reference
    _terminate_alloc                          - Undefined Weak Reference
    _terminate_user_alloc                     - Undefined Weak Reference
    _terminateio                              - Undefined Weak Reference
    __Vectors_Size                           0x00000130   Number         0  startup_stm32f10x_hd.o ABSOLUTE
    __Vectors                                0x08000000   Data           4  startup_stm32f10x_hd.o(RESET)
    __Vectors_End                            0x08000130   Data           0  startup_stm32f10x_hd.o(RESET)
    __main                                   0x08000131   Thumb Code     8  __main.o(!!!main)
    __scatterload                            0x08000139   Thumb Code     0  __scatter.o(!!!scatter)
    __scatterload_rt2                        0x08000139   Thumb Code    44  __scatter.o(!!!scatter)
    __scatterload_rt2_thumb_only             0x08000139   Thumb Code     0  __scatter.o(!!!scatter)
    __scatterload_null                       0x08000147   Thumb Code     0  __scatter.o(!!!scatter)
    __scatterload_copy                       0x0800016d   Thumb Code    26  __scatter_copy.o(!!handler_copy)
    __scatterload_zeroinit                   0x08000189   Thumb Code    28  __scatter_zi.o(!!handler_zi)
    _printf_n                                0x080001a5   Thumb Code     0  _printf_n.o(.ARM.Collect$$_printf_percent$$00000001)
    _printf_percent                          0x080001a5   Thumb Code     0  _printf_percent.o(.ARM.Collect$$_printf_percent$$00000000)
    _printf_p                                0x080001ab   Thumb Code     0  _printf_p.o(.ARM.Collect$$_printf_percent$$00000002)
    _printf_f                                0x080001b1   Thumb Code     0  _printf_f.o(.ARM.Collect$$_printf_percent$$00000003)
    _printf_e                                0x080001b7   Thumb Code     0  _printf_e.o(.ARM.Collect$$_printf_percent$$00000004)
    _printf_g                                0x080001bd   Thumb Code     0  _printf_g.o(.ARM.Collect$$_printf_percent$$00000005)
    _printf_a                                0x080001c3   Thumb Code     0  _printf_a.o(.ARM.Collect$$_printf_percent$$00000006)
    _printf_ll                               0x080001c9   Thumb Code     0  _printf_ll.o(.ARM.Collect$$_printf_percent$$00000007)
    _printf_i                                0x080001d3   Thumb Code     0  _printf_i.o(.ARM.Collect$$_printf_percent$$00000008)
    _printf_d                                0x080001d9   Thumb Code     0  _printf_d.o(.ARM.Collect$$_printf_percent$$00000009)
    _printf_u                                0x080001df   Thumb Code     0  _printf_u.o(.ARM.Collect$$_printf_percent$$0000000A)
    _printf_o                                0x080001e5   Thumb Code     0  _printf_o.o(.ARM.Collect$$_printf_percent$$0000000B)
    _printf_x                                0x080001eb   Thumb Code     0  _printf_x.o(.ARM.Collect$$_printf_percent$$0000000C)
    _printf_lli                              0x080001f1   Thumb Code     0  _printf_lli.o(.ARM.Collect$$_printf_percent$$0000000D)
    _printf_lld                              0x080001f7   Thumb Code     0  _printf_lld.o(.ARM.Collect$$_printf_percent$$0000000E)
    _printf_llu                              0x080001fd   Thumb Code     0  _printf_llu.o(.ARM.Collect$$_printf_percent$$0000000F)
    _printf_llo                              0x08000203   Thumb Code     0  _printf_llo.o(.ARM.Collect$$_printf_percent$$00000010)
    _printf_llx                              0x08000209   Thumb Code     0  _printf_llx.o(.ARM.Collect$$_printf_percent$$00000011)
    _printf_l                                0x0800020f   Thumb Code     0  _printf_l.o(.ARM.Collect$$_printf_percent$$00000012)
    _printf_c                                0x08000219   Thumb Code     0  _printf_c.o(.ARM.Collect$$_printf_percent$$00000013)
    _printf_s                                0x0800021f   Thumb Code     0  _printf_s.o(.ARM.Collect$$_printf_percent$$00000014)
    _printf_lc                               0x08000225   Thumb Code     0  _printf_lc.o(.ARM.Collect$$_printf_percent$$00000015)
    _printf_ls                               0x0800022b   Thumb Code     0  _printf_ls.o(.ARM.Collect$$_printf_percent$$00000016)
    _printf_percent_end                      0x08000231   Thumb Code     0  _printf_percent_end.o(.ARM.Collect$$_printf_percent$$00000017)
    __rt_lib_init                            0x08000235   Thumb Code     0  libinit.o(.ARM.Collect$$libinit$$00000000)
    __rt_lib_init_fp_1                       0x08000237   Thumb Code     0  libinit2.o(.ARM.Collect$$libinit$$00000002)
    __rt_lib_init_heap_1                     0x08000237   Thumb Code     0  libinit2.o(.ARM.Collect$$libinit$$0000000A)
    __rt_lib_init_lc_common                  0x08000237   Thumb Code     0  libinit2.o(.ARM.Collect$$libinit$$0000000F)
    __rt_lib_init_preinit_1                  0x08000237   Thumb Code     0  libinit2.o(.ARM.Collect$$libinit$$00000004)
    __rt_lib_init_rand_1                     0x08000237   Thumb Code     0  libinit2.o(.ARM.Collect$$libinit$$0000000E)
    __rt_lib_init_user_alloc_1               0x08000237   Thumb Code     0  libinit2.o(.ARM.Collect$$libinit$$0000000C)
    __rt_lib_init_lc_collate_1               0x0800023d   Thumb Code     0  libinit2.o(.ARM.Collect$$libinit$$00000011)
    __rt_lib_init_lc_ctype_2                 0x0800023d   Thumb Code     0  libinit2.o(.ARM.Collect$$libinit$$00000012)
    __rt_lib_init_lc_ctype_1                 0x08000249   Thumb Code     0  libinit2.o(.ARM.Collect$$libinit$$00000013)
    __rt_lib_init_lc_monetary_1              0x08000249   Thumb Code     0  libinit2.o(.ARM.Collect$$libinit$$00000015)
    __rt_lib_init_lc_numeric_2               0x08000249   Thumb Code     0  libinit2.o(.ARM.Collect$$libinit$$00000016)
    __rt_lib_init_alloca_1                   0x08000253   Thumb Code     0  libinit2.o(.ARM.Collect$$libinit$$0000002E)
    __rt_lib_init_argv_1                     0x08000253   Thumb Code     0  libinit2.o(.ARM.Collect$$libinit$$0000002C)
    __rt_lib_init_atexit_1                   0x08000253   Thumb Code     0  libinit2.o(.ARM.Collect$$libinit$$0000001B)
    __rt_lib_init_clock_1                    0x08000253   Thumb Code     0  libinit2.o(.ARM.Collect$$libinit$$00000021)
    __rt_lib_init_cpp_1                      0x08000253   Thumb Code     0  libinit2.o(.ARM.Collect$$libinit$$00000032)
    __rt_lib_init_exceptions_1               0x08000253   Thumb Code     0  libinit2.o(.ARM.Collect$$libinit$$00000030)
    __rt_lib_init_fp_trap_1                  0x08000253   Thumb Code     0  libinit2.o(.ARM.Collect$$libinit$$0000001F)
    __rt_lib_init_getenv_1                   0x08000253   Thumb Code     0  libinit2.o(.ARM.Collect$$libinit$$00000023)
    __rt_lib_init_lc_numeric_1               0x08000253   Thumb Code     0  libinit2.o(.ARM.Collect$$libinit$$00000017)
    __rt_lib_init_lc_time_1                  0x08000253   Thumb Code     0  libinit2.o(.ARM.Collect$$libinit$$00000019)
    __rt_lib_init_return                     0x08000253   Thumb Code     0  libinit2.o(.ARM.Collect$$libinit$$00000033)
    __rt_lib_init_signal_1                   0x08000253   Thumb Code     0  libinit2.o(.ARM.Collect$$libinit$$0000001D)
    __rt_lib_init_stdio_1                    0x08000253   Thumb Code     0  libinit2.o(.ARM.Collect$$libinit$$00000025)
    __rt_lib_shutdown                        0x08000255   Thumb Code     0  libshutdown.o(.ARM.Collect$$libshutdown$$00000000)
    __rt_lib_shutdown_fp_trap_1              0x08000257   Thumb Code     0  libshutdown2.o(.ARM.Collect$$libshutdown$$00000006)
    __rt_lib_shutdown_heap_1                 0x08000257   Thumb Code     0  libshutdown2.o(.ARM.Collect$$libshutdown$$0000000E)
    __rt_lib_shutdown_return                 0x08000257   Thumb Code     0  libshutdown2.o(.ARM.Collect$$libshutdown$$0000000F)
    __rt_lib_shutdown_signal_1               0x08000257   Thumb Code     0  libshutdown2.o(.ARM.Collect$$libshutdown$$00000009)
    __rt_lib_shutdown_stdio_1                0x08000257   Thumb Code     0  libshutdown2.o(.ARM.Collect$$libshutdown$$00000003)
    __rt_lib_shutdown_user_alloc_1           0x08000257   Thumb Code     0  libshutdown2.o(.ARM.Collect$$libshutdown$$0000000B)
    __rt_entry                               0x08000259   Thumb Code     0  __rtentry.o(.ARM.Collect$$rtentry$$00000000)
    __rt_entry_presh_1                       0x08000259   Thumb Code     0  __rtentry2.o(.ARM.Collect$$rtentry$$00000002)
    __rt_entry_sh                            0x08000259   Thumb Code     0  __rtentry4.o(.ARM.Collect$$rtentry$$00000004)
    __rt_entry_li                            0x0800025f   Thumb Code     0  __rtentry2.o(.ARM.Collect$$rtentry$$0000000A)
    __rt_entry_postsh_1                      0x0800025f   Thumb Code     0  __rtentry2.o(.ARM.Collect$$rtentry$$00000009)
    __rt_entry_main                          0x08000263   Thumb Code     0  __rtentry2.o(.ARM.Collect$$rtentry$$0000000D)
    __rt_entry_postli_1                      0x08000263   Thumb Code     0  __rtentry2.o(.ARM.Collect$$rtentry$$0000000C)
    __rt_exit                                0x0800026b   Thumb Code     0  rtexit.o(.ARM.Collect$$rtexit$$00000000)
    __rt_exit_ls                             0x0800026d   Thumb Code     0  rtexit2.o(.ARM.Collect$$rtexit$$00000003)
    __rt_exit_prels_1                        0x0800026d   Thumb Code     0  rtexit2.o(.ARM.Collect$$rtexit$$00000002)
    __rt_exit_exit                           0x08000271   Thumb Code     0  rtexit2.o(.ARM.Collect$$rtexit$$00000004)
    main                                     0x08000279   Thumb Code   186  main.o(.text)
    NMI_Handler                              0x080003c9   Thumb Code     2  stm32f10x_it.o(.text)
    HardFault_Handler                        0x080003cb   Thumb Code     4  stm32f10x_it.o(.text)
    MemManage_Handler                        0x080003cf   Thumb Code     4  stm32f10x_it.o(.text)
    BusFault_Handler                         0x080003d3   Thumb Code     4  stm32f10x_it.o(.text)
    UsageFault_Handler                       0x080003d7   Thumb Code     4  stm32f10x_it.o(.text)
    SVC_Handler                              0x080003db   Thumb Code     2  stm32f10x_it.o(.text)
    DebugMon_Handler                         0x080003dd   Thumb Code     2  stm32f10x_it.o(.text)
    PendSV_Handler                           0x080003df   Thumb Code     2  stm32f10x_it.o(.text)
    SysTick_Handler                          0x080003e1   Thumb Code     2  stm32f10x_it.o(.text)
    RCC_Configuration                        0x080003e5   Thumb Code   110  system_stm32f10x.o(.text)
    SystemInit                               0x08000531   Thumb Code    78  system_stm32f10x.o(.text)
    SystemCoreClockUpdate                    0x0800057f   Thumb Code   142  system_stm32f10x.o(.text)
    NVIC_PriorityGroupConfig                 0x08000631   Thumb Code    10  misc.o(.text)
    NVIC_Init                                0x0800063b   Thumb Code   100  misc.o(.text)
    NVIC_SetVectorTable                      0x0800069f   Thumb Code    14  misc.o(.text)
    NVIC_SystemLPConfig                      0x080006ad   Thumb Code    34  misc.o(.text)
    SysTick_CLKSourceConfig                  0x080006cf   Thumb Code    40  misc.o(.text)
    FLASH_SetLatency                         0x0800070d   Thumb Code    18  stm32f10x_flash.o(.text)
    FLASH_HalfCycleAccessCmd                 0x0800071f   Thumb Code    22  stm32f10x_flash.o(.text)
    FLASH_PrefetchBufferCmd                  0x08000735   Thumb Code    22  stm32f10x_flash.o(.text)
    FLASH_Unlock                             0x0800074b   Thumb Code    12  stm32f10x_flash.o(.text)
    FLASH_UnlockBank1                        0x08000757   Thumb Code    12  stm32f10x_flash.o(.text)
    FLASH_Lock                               0x08000763   Thumb Code    14  stm32f10x_flash.o(.text)
    FLASH_LockBank1                          0x08000771   Thumb Code    14  stm32f10x_flash.o(.text)
    FLASH_GetBank1Status                     0x0800077f   Thumb Code    48  stm32f10x_flash.o(.text)
    FLASH_WaitForLastOperation               0x080007af   Thumb Code    38  stm32f10x_flash.o(.text)
    FLASH_ErasePage                          0x080007d5   Thumb Code    72  stm32f10x_flash.o(.text)
    FLASH_EraseAllPages                      0x0800081d   Thumb Code    68  stm32f10x_flash.o(.text)
    FLASH_WaitForLastBank1Operation          0x08000861   Thumb Code    38  stm32f10x_flash.o(.text)
    FLASH_EraseAllBank1Pages                 0x08000887   Thumb Code    68  stm32f10x_flash.o(.text)
    FLASH_GetReadOutProtectionStatus         0x080008cb   Thumb Code    20  stm32f10x_flash.o(.text)
    FLASH_EraseOptionBytes                   0x080008df   Thumb Code   150  stm32f10x_flash.o(.text)
    FLASH_ProgramWord                        0x08000975   Thumb Code   102  stm32f10x_flash.o(.text)
    FLASH_ProgramHalfWord                    0x080009db   Thumb Code    60  stm32f10x_flash.o(.text)
    FLASH_ProgramOptionByteData              0x08000a17   Thumb Code    72  stm32f10x_flash.o(.text)
    FLASH_EnableWriteProtection              0x08000a5f   Thumb Code   200  stm32f10x_flash.o(.text)
    FLASH_ReadOutProtection                  0x08000b27   Thumb Code   156  stm32f10x_flash.o(.text)
    FLASH_UserOptionByteConfig               0x08000bc3   Thumb Code    88  stm32f10x_flash.o(.text)
    FLASH_GetUserOptionByte                  0x08000c1b   Thumb Code     8  stm32f10x_flash.o(.text)
    FLASH_GetWriteProtectionOptionByte       0x08000c23   Thumb Code     6  stm32f10x_flash.o(.text)
    FLASH_GetPrefetchBufferStatus            0x08000c29   Thumb Code    20  stm32f10x_flash.o(.text)
    FLASH_ITConfig                           0x08000c3d   Thumb Code    26  stm32f10x_flash.o(.text)
    FLASH_GetFlagStatus                      0x08000c57   Thumb Code    42  stm32f10x_flash.o(.text)
    FLASH_ClearFlag                          0x08000c81   Thumb Code     6  stm32f10x_flash.o(.text)
    FLASH_GetStatus                          0x08000c87   Thumb Code    48  stm32f10x_flash.o(.text)
    GPIO_DeInit                              0x08000cc9   Thumb Code   172  stm32f10x_gpio.o(.text)
    GPIO_AFIODeInit                          0x08000d75   Thumb Code    20  stm32f10x_gpio.o(.text)
    GPIO_Init                                0x08000d89   Thumb Code   278  stm32f10x_gpio.o(.text)
    GPIO_StructInit                          0x08000e9f   Thumb Code    16  stm32f10x_gpio.o(.text)
    GPIO_ReadInputDataBit                    0x08000eaf   Thumb Code    18  stm32f10x_gpio.o(.text)
    GPIO_ReadInputData                       0x08000ec1   Thumb Code     8  stm32f10x_gpio.o(.text)
    GPIO_ReadOutputDataBit                   0x08000ec9   Thumb Code    18  stm32f10x_gpio.o(.text)
    GPIO_ReadOutputData                      0x08000edb   Thumb Code     8  stm32f10x_gpio.o(.text)
    GPIO_SetBits                             0x08000ee3   Thumb Code     4  stm32f10x_gpio.o(.text)
    GPIO_ResetBits                           0x08000ee7   Thumb Code     4  stm32f10x_gpio.o(.text)
    GPIO_WriteBit                            0x08000eeb   Thumb Code    10  stm32f10x_gpio.o(.text)
    GPIO_Write                               0x08000ef5   Thumb Code     4  stm32f10x_gpio.o(.text)
    GPIO_PinLockConfig                       0x08000ef9   Thumb Code    18  stm32f10x_gpio.o(.text)
    GPIO_EventOutputConfig                   0x08000f0b   Thumb Code    26  stm32f10x_gpio.o(.text)
    GPIO_EventOutputCmd                      0x08000f25   Thumb Code     6  stm32f10x_gpio.o(.text)
    GPIO_PinRemapConfig                      0x08000f2b   Thumb Code   138  stm32f10x_gpio.o(.text)
    GPIO_EXTILineConfig                      0x08000fb5   Thumb Code    66  stm32f10x_gpio.o(.text)
    GPIO_ETH_MediaInterfaceConfig            0x08000ff7   Thumb Code     8  stm32f10x_gpio.o(.text)
    IWDG_WriteAccessCmd                      0x08001025   Thumb Code     6  stm32f10x_iwdg.o(.text)
    IWDG_SetPrescaler                        0x0800102b   Thumb Code     6  stm32f10x_iwdg.o(.text)
    IWDG_SetReload                           0x08001031   Thumb Code     6  stm32f10x_iwdg.o(.text)
    IWDG_ReloadCounter                       0x08001037   Thumb Code    10  stm32f10x_iwdg.o(.text)
    IWDG_Enable                              0x08001041   Thumb Code    10  stm32f10x_iwdg.o(.text)
    IWDG_GetFlagStatus                       0x0800104b   Thumb Code    20  stm32f10x_iwdg.o(.text)
    RCC_DeInit                               0x08001065   Thumb Code    64  stm32f10x_rcc.o(.text)
    RCC_HSEConfig                            0x080010a5   Thumb Code    70  stm32f10x_rcc.o(.text)
    RCC_GetFlagStatus                        0x080010eb   Thumb Code    56  stm32f10x_rcc.o(.text)
    RCC_WaitForHSEStartUp                    0x08001123   Thumb Code    56  stm32f10x_rcc.o(.text)
    RCC_AdjustHSICalibrationValue            0x0800115b   Thumb Code    20  stm32f10x_rcc.o(.text)
    RCC_HSICmd                               0x0800116f   Thumb Code     6  stm32f10x_rcc.o(.text)
    RCC_PLLConfig                            0x08001175   Thumb Code    24  stm32f10x_rcc.o(.text)
    RCC_PLLCmd                               0x0800118d   Thumb Code     6  stm32f10x_rcc.o(.text)
    RCC_SYSCLKConfig                         0x08001193   Thumb Code    18  stm32f10x_rcc.o(.text)
    RCC_GetSYSCLKSource                      0x080011a5   Thumb Code    10  stm32f10x_rcc.o(.text)
    RCC_HCLKConfig                           0x080011af   Thumb Code    18  stm32f10x_rcc.o(.text)
    RCC_PCLK1Config                          0x080011c1   Thumb Code    18  stm32f10x_rcc.o(.text)
    RCC_PCLK2Config                          0x080011d3   Thumb Code    20  stm32f10x_rcc.o(.text)
    RCC_ITConfig                             0x080011e7   Thumb Code    26  stm32f10x_rcc.o(.text)
    RCC_USBCLKConfig                         0x08001201   Thumb Code     8  stm32f10x_rcc.o(.text)
    RCC_ADCCLKConfig                         0x08001209   Thumb Code    18  stm32f10x_rcc.o(.text)
    RCC_LSEConfig                            0x0800121b   Thumb Code    50  stm32f10x_rcc.o(.text)
    RCC_LSICmd                               0x0800124d   Thumb Code     6  stm32f10x_rcc.o(.text)
    RCC_RTCCLKConfig                         0x08001253   Thumb Code    12  stm32f10x_rcc.o(.text)
    RCC_RTCCLKCmd                            0x0800125f   Thumb Code     8  stm32f10x_rcc.o(.text)
    RCC_GetClocksFreq                        0x08001267   Thumb Code   192  stm32f10x_rcc.o(.text)
    RCC_AHBPeriphClockCmd                    0x08001327   Thumb Code    26  stm32f10x_rcc.o(.text)
    RCC_APB2PeriphClockCmd                   0x08001341   Thumb Code    26  stm32f10x_rcc.o(.text)
    RCC_APB1PeriphClockCmd                   0x0800135b   Thumb Code    26  stm32f10x_rcc.o(.text)
    RCC_APB2PeriphResetCmd                   0x08001375   Thumb Code    26  stm32f10x_rcc.o(.text)
    RCC_APB1PeriphResetCmd                   0x0800138f   Thumb Code    26  stm32f10x_rcc.o(.text)
    RCC_BackupResetCmd                       0x080013a9   Thumb Code     8  stm32f10x_rcc.o(.text)
    RCC_ClockSecuritySystemCmd               0x080013b1   Thumb Code     6  stm32f10x_rcc.o(.text)
    RCC_MCOConfig                            0x080013b7   Thumb Code     6  stm32f10x_rcc.o(.text)
    RCC_ClearFlag                            0x080013bd   Thumb Code    14  stm32f10x_rcc.o(.text)
    RCC_GetITStatus                          0x080013cb   Thumb Code    20  stm32f10x_rcc.o(.text)
    RCC_ClearITPendingBit                    0x080013df   Thumb Code     6  stm32f10x_rcc.o(.text)
    TIM_DeInit                               0x08001409   Thumb Code   424  stm32f10x_tim.o(.text)
    TIM_TimeBaseInit                         0x080015b1   Thumb Code   122  stm32f10x_tim.o(.text)
    TIM_OC1Init                              0x0800162b   Thumb Code   132  stm32f10x_tim.o(.text)
    TIM_OC2Init                              0x080016af   Thumb Code   154  stm32f10x_tim.o(.text)
    TIM_OC3Init                              0x08001749   Thumb Code   150  stm32f10x_tim.o(.text)
    TIM_OC4Init                              0x080017df   Thumb Code   182  stm32f10x_tim.o(.text)
    TIM_SetIC4Prescaler                      0x08001895   Thumb Code    26  stm32f10x_tim.o(.text)
    TIM_SetIC3Prescaler                      0x08001931   Thumb Code    18  stm32f10x_tim.o(.text)
    TIM_SetIC2Prescaler                      0x080019bd   Thumb Code    26  stm32f10x_tim.o(.text)
    TIM_SetIC1Prescaler                      0x08001a59   Thumb Code    18  stm32f10x_tim.o(.text)
    TIM_ICInit                               0x08001ad7   Thumb Code   150  stm32f10x_tim.o(.text)
    TIM_PWMIConfig                           0x08001b6d   Thumb Code   124  stm32f10x_tim.o(.text)
    TIM_BDTRConfig                           0x08001be9   Thumb Code    32  stm32f10x_tim.o(.text)
    TIM_TimeBaseStructInit                   0x08001c09   Thumb Code    18  stm32f10x_tim.o(.text)
    TIM_OCStructInit                         0x08001c1b   Thumb Code    20  stm32f10x_tim.o(.text)
    TIM_ICStructInit                         0x08001c2f   Thumb Code    18  stm32f10x_tim.o(.text)
    TIM_BDTRStructInit                       0x08001c41   Thumb Code    40  stm32f10x_tim.o(.text)
    TIM_Cmd                                  0x08001c69   Thumb Code    24  stm32f10x_tim.o(.text)
    TIM_CtrlPWMOutputs                       0x08001c81   Thumb Code    30  stm32f10x_tim.o(.text)
    TIM_ITConfig                             0x08001c9f   Thumb Code    18  stm32f10x_tim.o(.text)
    TIM_GenerateEvent                        0x08001cb1   Thumb Code     4  stm32f10x_tim.o(.text)
    TIM_DMAConfig                            0x08001cb5   Thumb Code    10  stm32f10x_tim.o(.text)
    TIM_DMACmd                               0x08001cbf   Thumb Code    18  stm32f10x_tim.o(.text)
    TIM_InternalClockConfig                  0x08001cd1   Thumb Code    12  stm32f10x_tim.o(.text)
    TIM_SelectInputTrigger                   0x08001cdd   Thumb Code    18  stm32f10x_tim.o(.text)
    TIM_ITRxExternalClockConfig              0x08001cef   Thumb Code    24  stm32f10x_tim.o(.text)
    TIM_TIxExternalClockConfig               0x08001d07   Thumb Code    62  stm32f10x_tim.o(.text)
    TIM_ETRConfig                            0x08001d45   Thumb Code    28  stm32f10x_tim.o(.text)
    TIM_ETRClockMode1Config                  0x08001d61   Thumb Code    54  stm32f10x_tim.o(.text)
    TIM_ETRClockMode2Config                  0x08001d97   Thumb Code    32  stm32f10x_tim.o(.text)
    TIM_PrescalerConfig                      0x08001db7   Thumb Code     6  stm32f10x_tim.o(.text)
    TIM_CounterModeConfig                    0x08001dbd   Thumb Code    18  stm32f10x_tim.o(.text)
    TIM_EncoderInterfaceConfig               0x08001dcf   Thumb Code    66  stm32f10x_tim.o(.text)
    TIM_ForcedOC1Config                      0x08001e11   Thumb Code    18  stm32f10x_tim.o(.text)
    TIM_ForcedOC2Config                      0x08001e23   Thumb Code    26  stm32f10x_tim.o(.text)
    TIM_ForcedOC3Config                      0x08001e3d   Thumb Code    18  stm32f10x_tim.o(.text)
    TIM_ForcedOC4Config                      0x08001e4f   Thumb Code    26  stm32f10x_tim.o(.text)
    TIM_ARRPreloadConfig                     0x08001e69   Thumb Code    24  stm32f10x_tim.o(.text)
    TIM_SelectCOM                            0x08001e81   Thumb Code    24  stm32f10x_tim.o(.text)
    TIM_SelectCCDMA                          0x08001e99   Thumb Code    24  stm32f10x_tim.o(.text)
    TIM_CCPreloadControl                     0x08001eb1   Thumb Code    24  stm32f10x_tim.o(.text)
    TIM_OC1PreloadConfig                     0x08001ec9   Thumb Code    18  stm32f10x_tim.o(.text)
    TIM_OC2PreloadConfig                     0x08001edb   Thumb Code    26  stm32f10x_tim.o(.text)
    TIM_OC3PreloadConfig                     0x08001ef5   Thumb Code    18  stm32f10x_tim.o(.text)
    TIM_OC4PreloadConfig                     0x08001f07   Thumb Code    26  stm32f10x_tim.o(.text)
    TIM_OC1FastConfig                        0x08001f21   Thumb Code    18  stm32f10x_tim.o(.text)
    TIM_OC2FastConfig                        0x08001f33   Thumb Code    26  stm32f10x_tim.o(.text)
    TIM_OC3FastConfig                        0x08001f4d   Thumb Code    18  stm32f10x_tim.o(.text)
    TIM_OC4FastConfig                        0x08001f5f   Thumb Code    26  stm32f10x_tim.o(.text)
    TIM_ClearOC1Ref                          0x08001f79   Thumb Code    18  stm32f10x_tim.o(.text)
    TIM_ClearOC2Ref                          0x08001f8b   Thumb Code    24  stm32f10x_tim.o(.text)
    TIM_ClearOC3Ref                          0x08001fa3   Thumb Code    18  stm32f10x_tim.o(.text)
    TIM_ClearOC4Ref                          0x08001fb5   Thumb Code    24  stm32f10x_tim.o(.text)
    TIM_OC1PolarityConfig                    0x08001fcd   Thumb Code    18  stm32f10x_tim.o(.text)
    TIM_OC1NPolarityConfig                   0x08001fdf   Thumb Code    18  stm32f10x_tim.o(.text)
    TIM_OC2PolarityConfig                    0x08001ff1   Thumb Code    26  stm32f10x_tim.o(.text)
    TIM_OC2NPolarityConfig                   0x0800200b   Thumb Code    26  stm32f10x_tim.o(.text)
    TIM_OC3PolarityConfig                    0x08002025   Thumb Code    26  stm32f10x_tim.o(.text)
    TIM_OC3NPolarityConfig                   0x0800203f   Thumb Code    26  stm32f10x_tim.o(.text)
    TIM_OC4PolarityConfig                    0x08002059   Thumb Code    26  stm32f10x_tim.o(.text)
    TIM_CCxCmd                               0x08002073   Thumb Code    30  stm32f10x_tim.o(.text)
    TIM_CCxNCmd                              0x08002091   Thumb Code    30  stm32f10x_tim.o(.text)
    TIM_SelectOCxM                           0x080020af   Thumb Code    82  stm32f10x_tim.o(.text)
    TIM_UpdateDisableConfig                  0x08002101   Thumb Code    24  stm32f10x_tim.o(.text)
    TIM_UpdateRequestConfig                  0x08002119   Thumb Code    24  stm32f10x_tim.o(.text)
    TIM_SelectHallSensor                     0x08002131   Thumb Code    24  stm32f10x_tim.o(.text)
    TIM_SelectOnePulseMode                   0x08002149   Thumb Code    18  stm32f10x_tim.o(.text)
    TIM_SelectOutputTrigger                  0x0800215b   Thumb Code    18  stm32f10x_tim.o(.text)
    TIM_SelectSlaveMode                      0x0800216d   Thumb Code    18  stm32f10x_tim.o(.text)
    TIM_SelectMasterSlaveMode                0x0800217f   Thumb Code    18  stm32f10x_tim.o(.text)
    TIM_SetCounter                           0x08002191   Thumb Code     4  stm32f10x_tim.o(.text)
    TIM_SetAutoreload                        0x08002195   Thumb Code     4  stm32f10x_tim.o(.text)
    TIM_SetCompare1                          0x08002199   Thumb Code     4  stm32f10x_tim.o(.text)
    TIM_SetCompare2                          0x0800219d   Thumb Code     4  stm32f10x_tim.o(.text)
    TIM_SetCompare3                          0x080021a1   Thumb Code     4  stm32f10x_tim.o(.text)
    TIM_SetCompare4                          0x080021a5   Thumb Code     6  stm32f10x_tim.o(.text)
    TIM_SetClockDivision                     0x080021ab   Thumb Code    18  stm32f10x_tim.o(.text)
    TIM_GetCapture1                          0x080021bd   Thumb Code     6  stm32f10x_tim.o(.text)
    TIM_GetCapture2                          0x080021c3   Thumb Code     6  stm32f10x_tim.o(.text)
    TIM_GetCapture3                          0x080021c9   Thumb Code     6  stm32f10x_tim.o(.text)
    TIM_GetCapture4                          0x080021cf   Thumb Code     8  stm32f10x_tim.o(.text)
    TIM_GetCounter                           0x080021d7   Thumb Code     6  stm32f10x_tim.o(.text)
    TIM_GetPrescaler                         0x080021dd   Thumb Code     6  stm32f10x_tim.o(.text)
    TIM_GetFlagStatus                        0x080021e3   Thumb Code    18  stm32f10x_tim.o(.text)
    TIM_ClearFlag                            0x080021f5   Thumb Code     6  stm32f10x_tim.o(.text)
    TIM_GetITStatus                          0x080021fb   Thumb Code    34  stm32f10x_tim.o(.text)
    TIM_ClearITPendingBit                    0x0800221d   Thumb Code     6  stm32f10x_tim.o(.text)
    USART_DeInit                             0x08002225   Thumb Code   134  stm32f10x_usart.o(.text)
    USART_Init                               0x080022ab   Thumb Code   210  stm32f10x_usart.o(.text)
    USART_StructInit                         0x0800237d   Thumb Code    24  stm32f10x_usart.o(.text)
    USART_ClockInit                          0x08002395   Thumb Code    34  stm32f10x_usart.o(.text)
    USART_ClockStructInit                    0x080023b7   Thumb Code    12  stm32f10x_usart.o(.text)
    USART_Cmd                                0x080023c3   Thumb Code    24  stm32f10x_usart.o(.text)
    USART_ITConfig                           0x080023db   Thumb Code    74  stm32f10x_usart.o(.text)
    USART_DMACmd                             0x08002425   Thumb Code    18  stm32f10x_usart.o(.text)
    USART_SetAddress                         0x08002437   Thumb Code    18  stm32f10x_usart.o(.text)
    USART_WakeUpConfig                       0x08002449   Thumb Code    18  stm32f10x_usart.o(.text)
    USART_ReceiverWakeUpCmd                  0x0800245b   Thumb Code    24  stm32f10x_usart.o(.text)
    USART_LINBreakDetectLengthConfig         0x08002473   Thumb Code    18  stm32f10x_usart.o(.text)
    USART_LINCmd                             0x08002485   Thumb Code    24  stm32f10x_usart.o(.text)
    USART_SendData                           0x0800249d   Thumb Code     8  stm32f10x_usart.o(.text)
    USART_ReceiveData                        0x080024a5   Thumb Code    10  stm32f10x_usart.o(.text)
    USART_SendBreak                          0x080024af   Thumb Code    10  stm32f10x_usart.o(.text)
    USART_SetGuardTime                       0x080024b9   Thumb Code    16  stm32f10x_usart.o(.text)
    USART_SetPrescaler                       0x080024c9   Thumb Code    16  stm32f10x_usart.o(.text)
    USART_SmartCardCmd                       0x080024d9   Thumb Code    24  stm32f10x_usart.o(.text)
    USART_SmartCardNACKCmd                   0x080024f1   Thumb Code    24  stm32f10x_usart.o(.text)
    USART_HalfDuplexCmd                      0x08002509   Thumb Code    24  stm32f10x_usart.o(.text)
    USART_OverSampling8Cmd                   0x08002521   Thumb Code    22  stm32f10x_usart.o(.text)
    USART_OneBitMethodCmd                    0x08002537   Thumb Code    24  stm32f10x_usart.o(.text)
    USART_IrDAConfig                         0x0800254f   Thumb Code    18  stm32f10x_usart.o(.text)
    USART_IrDACmd                            0x08002561   Thumb Code    24  stm32f10x_usart.o(.text)
    USART_GetFlagStatus                      0x08002579   Thumb Code    26  stm32f10x_usart.o(.text)
    USART_ClearFlag                          0x08002593   Thumb Code    18  stm32f10x_usart.o(.text)
    USART_GetITStatus                        0x080025a5   Thumb Code    84  stm32f10x_usart.o(.text)
    USART_ClearITPendingBit                  0x080025f9   Thumb Code    52  stm32f10x_usart.o(.text)
    Reset_Handler                            0x0800262d   Thumb Code     8  startup_stm32f10x_hd.o(.text)
    ADC1_2_IRQHandler                        0x08002647   Thumb Code     0  startup_stm32f10x_hd.o(.text)
    ADC3_IRQHandler                          0x08002647   Thumb Code     0  startup_stm32f10x_hd.o(.text)
    CAN1_RX1_IRQHandler                      0x08002647   Thumb Code     0  startup_stm32f10x_hd.o(.text)
    CAN1_SCE_IRQHandler                      0x08002647   Thumb Code     0  startup_stm32f10x_hd.o(.text)
    DMA1_Channel1_IRQHandler                 0x08002647   Thumb Code     0  startup_stm32f10x_hd.o(.text)
    DMA1_Channel2_IRQHandler                 0x08002647   Thumb Code     0  startup_stm32f10x_hd.o(.text)
    DMA1_Channel3_IRQHandler                 0x08002647   Thumb Code     0  startup_stm32f10x_hd.o(.text)
    DMA1_Channel4_IRQHandler                 0x08002647   Thumb Code     0  startup_stm32f10x_hd.o(.text)
    DMA1_Channel5_IRQHandler                 0x08002647   Thumb Code     0  startup_stm32f10x_hd.o(.text)
    DMA1_Channel6_IRQHandler                 0x08002647   Thumb Code     0  startup_stm32f10x_hd.o(.text)
    DMA1_Channel7_IRQHandler                 0x08002647   Thumb Code     0  startup_stm32f10x_hd.o(.text)
    DMA2_Channel1_IRQHandler                 0x08002647   Thumb Code     0  startup_stm32f10x_hd.o(.text)
    DMA2_Channel2_IRQHandler                 0x08002647   Thumb Code     0  startup_stm32f10x_hd.o(.text)
    DMA2_Channel3_IRQHandler                 0x08002647   Thumb Code     0  startup_stm32f10x_hd.o(.text)
    DMA2_Channel4_5_IRQHandler               0x08002647   Thumb Code     0  startup_stm32f10x_hd.o(.text)
    EXTI0_IRQHandler                         0x08002647   Thumb Code     0  startup_stm32f10x_hd.o(.text)
    EXTI15_10_IRQHandler                     0x08002647   Thumb Code     0  startup_stm32f10x_hd.o(.text)
    EXTI1_IRQHandler                         0x08002647   Thumb Code     0  startup_stm32f10x_hd.o(.text)
    EXTI2_IRQHandler                         0x08002647   Thumb Code     0  startup_stm32f10x_hd.o(.text)
    EXTI3_IRQHandler                         0x08002647   Thumb Code     0  startup_stm32f10x_hd.o(.text)
    EXTI4_IRQHandler                         0x08002647   Thumb Code     0  startup_stm32f10x_hd.o(.text)
    EXTI9_5_IRQHandler                       0x08002647   Thumb Code     0  startup_stm32f10x_hd.o(.text)
    FLASH_IRQHandler                         0x08002647   Thumb Code     0  startup_stm32f10x_hd.o(.text)
    FSMC_IRQHandler                          0x08002647   Thumb Code     0  startup_stm32f10x_hd.o(.text)
    I2C1_ER_IRQHandler                       0x08002647   Thumb Code     0  startup_stm32f10x_hd.o(.text)
    I2C1_EV_IRQHandler                       0x08002647   Thumb Code     0  startup_stm32f10x_hd.o(.text)
    I2C2_ER_IRQHandler                       0x08002647   Thumb Code     0  startup_stm32f10x_hd.o(.text)
    I2C2_EV_IRQHandler                       0x08002647   Thumb Code     0  startup_stm32f10x_hd.o(.text)
    PVD_IRQHandler                           0x08002647   Thumb Code     0  startup_stm32f10x_hd.o(.text)
    RCC_IRQHandler                           0x08002647   Thumb Code     0  startup_stm32f10x_hd.o(.text)
    RTCAlarm_IRQHandler                      0x08002647   Thumb Code     0  startup_stm32f10x_hd.o(.text)
    RTC_IRQHandler                           0x08002647   Thumb Code     0  startup_stm32f10x_hd.o(.text)
    SDIO_IRQHandler                          0x08002647   Thumb Code     0  startup_stm32f10x_hd.o(.text)
    SPI1_IRQHandler                          0x08002647   Thumb Code     0  startup_stm32f10x_hd.o(.text)
    SPI2_IRQHandler                          0x08002647   Thumb Code     0  startup_stm32f10x_hd.o(.text)
    SPI3_IRQHandler                          0x08002647   Thumb Code     0  startup_stm32f10x_hd.o(.text)
    TAMPER_IRQHandler                        0x08002647   Thumb Code     0  startup_stm32f10x_hd.o(.text)
    TIM1_BRK_IRQHandler                      0x08002647   Thumb Code     0  startup_stm32f10x_hd.o(.text)
    TIM1_CC_IRQHandler                       0x08002647   Thumb Code     0  startup_stm32f10x_hd.o(.text)
    TIM1_TRG_COM_IRQHandler                  0x08002647   Thumb Code     0  startup_stm32f10x_hd.o(.text)
    TIM1_UP_IRQHandler                       0x08002647   Thumb Code     0  startup_stm32f10x_hd.o(.text)
    TIM2_IRQHandler                          0x08002647   Thumb Code     0  startup_stm32f10x_hd.o(.text)
    TIM4_IRQHandler                          0x08002647   Thumb Code     0  startup_stm32f10x_hd.o(.text)
    TIM5_IRQHandler                          0x08002647   Thumb Code     0  startup_stm32f10x_hd.o(.text)
    TIM6_IRQHandler                          0x08002647   Thumb Code     0  startup_stm32f10x_hd.o(.text)
    TIM7_IRQHandler                          0x08002647   Thumb Code     0  startup_stm32f10x_hd.o(.text)
    TIM8_BRK_IRQHandler                      0x08002647   Thumb Code     0  startup_stm32f10x_hd.o(.text)
    TIM8_CC_IRQHandler                       0x08002647   Thumb Code     0  startup_stm32f10x_hd.o(.text)
    TIM8_TRG_COM_IRQHandler                  0x08002647   Thumb Code     0  startup_stm32f10x_hd.o(.text)
    TIM8_UP_IRQHandler                       0x08002647   Thumb Code     0  startup_stm32f10x_hd.o(.text)
    UART4_IRQHandler                         0x08002647   Thumb Code     0  startup_stm32f10x_hd.o(.text)
    UART5_IRQHandler                         0x08002647   Thumb Code     0  startup_stm32f10x_hd.o(.text)
    USBWakeUp_IRQHandler                     0x08002647   Thumb Code     0  startup_stm32f10x_hd.o(.text)
    USB_HP_CAN1_TX_IRQHandler                0x08002647   Thumb Code     0  startup_stm32f10x_hd.o(.text)
    USB_LP_CAN1_RX0_IRQHandler               0x08002647   Thumb Code     0  startup_stm32f10x_hd.o(.text)
    WWDG_IRQHandler                          0x08002647   Thumb Code     0  startup_stm32f10x_hd.o(.text)
    __user_initial_stackheap                 0x08002649   Thumb Code     0  startup_stm32f10x_hd.o(.text)
    LED_Init                                 0x0800266d   Thumb Code    54  led.o(.text)
    LED_Run                                  0x080026a3   Thumb Code    52  led.o(.text)
    CSTX_4GCTR_Init                          0x080026d7   Thumb Code    68  led.o(.text)
    IWDG_Init                                0x08002729   Thumb Code    36  wdg.o(.text)
    IWDG_Feed                                0x0800274d   Thumb Code     8  wdg.o(.text)
    TIM3_Int_Init                            0x08002755   Thumb Code    90  timer.o(.text)
    TIM4_Int_Init                            0x080027af   Thumb Code    88  timer.o(.text)
    TIM3_IRQHandler                          0x08002807   Thumb Code    28  timer.o(.text)
    Clear_Buffer                             0x08002831   Thumb Code    78  4g.o(.text)
    CSTX_4G_Init                             0x0800287f   Thumb Code   396  4g.o(.text)
    CSTX_4G_ConTCP                           0x08002a0b   Thumb Code    48  4g.o(.text)
    CSTX_4G_CreateTCPSokcet                  0x08002a3b   Thumb Code   254  4g.o(.text)
    CSTX_4G_Senddata                         0x08002b39   Thumb Code   916  4g.o(.text)
    CSTX_4G_ALYIOTSenddata                   0x08002ecd   Thumb Code   134  4g.o(.text)
    CSTX_4G_RECTCPData                       0x08002f53   Thumb Code   150  4g.o(.text)
    CSTX_4G_RegALIYUNIOT                     0x08002fe9   Thumb Code   416  4g.o(.text)
    CSTX_4G_ALYIOTSenddata1                  0x08003189   Thumb Code   134  4g.o(.text)
    Get_4GIMEI_NUM                           0x0800320f   Thumb Code   530  4g.o(.text)
    LCD_BGR2RGB                              0x08003445   Thumb Code    26  gui.o(.text)
    Gui_Circle                               0x0800345f   Thumb Code   300  gui.o(.text)
    Gui_DrawLine                             0x0800358b   Thumb Code   186  gui.o(.text)
    Gui_box                                  0x08003645   Thumb Code   188  gui.o(.text)
    Gui_box2                                 0x08003701   Thumb Code   386  gui.o(.text)
    DisplayButtonDown                        0x08003883   Thumb Code   130  gui.o(.text)
    DisplayButtonUp                          0x08003905   Thumb Code   130  gui.o(.text)
    Gui_DrawFont_GBK16                       0x08003987   Thumb Code   394  gui.o(.text)
    Gui_DrawFont_GBK24                       0x08003b11   Thumb Code   486  gui.o(.text)
    Gui_DrawFont_Num32                       0x08003cf7   Thumb Code   124  gui.o(.text)
    LCD_GPIO_Init                            0x08003d85   Thumb Code   104  lcd_driver.o(.text)
    SPI_WriteData                            0x08003ded   Thumb Code    56  lcd_driver.o(.text)
    Lcd_WriteIndex                           0x08003e25   Thumb Code    32  lcd_driver.o(.text)
    Lcd_WriteData                            0x08003e45   Thumb Code    32  lcd_driver.o(.text)
    LCD_WriteData_16Bit                      0x08003e65   Thumb Code    38  lcd_driver.o(.text)
    Lcd_WriteReg                             0x08003e8b   Thumb Code    20  lcd_driver.o(.text)
    Lcd_Reset                                0x08003e9f   Thumb Code    32  lcd_driver.o(.text)
    Lcd_Init                                 0x08003ebf   Thumb Code   546  lcd_driver.o(.text)
    Lcd_SetRegion                            0x080040e1   Thumb Code    86  lcd_driver.o(.text)
    Lcd_SetXY                                0x08004137   Thumb Code    20  lcd_driver.o(.text)
    Gui_DrawPoint                            0x0800414b   Thumb Code    32  lcd_driver.o(.text)
    Lcd_ReadPoint                            0x0800416b   Thumb Code    38  lcd_driver.o(.text)
    Lcd_Clear                                0x08004191   Thumb Code    50  lcd_driver.o(.text)
    Redraw_Mainmenu                          0x080041c5   Thumb Code   152  qdtft_demo.o(.text)
    Num_Test                                 0x0800425d   Thumb Code   124  qdtft_demo.o(.text)
    Font_Test                                0x080042d9   Thumb Code    60  qdtft_demo.o(.text)
    Color_Test                               0x08004315   Thumb Code    86  qdtft_demo.o(.text)
    showimage                                0x0800436b   Thumb Code   130  qdtft_demo.o(.text)
    deviceStatusInit                         0x08004491   Thumb Code    70  func.o(.text)
    func_check_name                          0x080044d7   Thumb Code    40  func.o(.text)
    set_relay                                0x080044ff   Thumb Code    44  func.o(.text)
    do_set                                   0x0800452b   Thumb Code   154  func.o(.text)
    do_get                                   0x080045c5   Thumb Code   112  func.o(.text)
    func_set_work_status                     0x08004635   Thumb Code   130  func.o(.text)
    deviceFunc                               0x080046b7   Thumb Code   122  func.o(.text)
    log_printf                               0x0800483d   Thumb Code    54  log.o(.text)
    delay_init                               0x0800487d   Thumb Code    50  delay.o(.text)
    delay_us                                 0x080048af   Thumb Code    72  delay.o(.text)
    delay_ms                                 0x080048f7   Thumb Code    72  delay.o(.text)
    NVIC_Configuration                       0x08004951   Thumb Code    12  sys.o(.text)
    _sys_exit                                0x0800495d   Thumb Code     6  usart.o(.text)
    fputc                                    0x08004963   Thumb Code    24  usart.o(.text)
    UART1_send_byte                          0x0800497b   Thumb Code    32  usart.o(.text)
    UART2_send_byte                          0x0800499b   Thumb Code    32  usart.o(.text)
    UART3_send_byte                          0x080049bb   Thumb Code    32  usart.o(.text)
    uart_init                                0x080049db   Thumb Code   170  usart.o(.text)
    uart2_init                               0x08004a85   Thumb Code   160  usart.o(.text)
    uart3_init                               0x08004b25   Thumb Code   164  usart.o(.text)
    Uart1_SendStr                            0x08004bc9   Thumb Code    34  usart.o(.text)
    Uart2_SendStr                            0x08004beb   Thumb Code    42  usart.o(.text)
    Uart3_SendStr                            0x08004c15   Thumb Code    34  usart.o(.text)
    Clear_Buffer_UART1                       0x08004c37   Thumb Code    26  usart.o(.text)
    UART1_receive_process_event              0x08004c51   Thumb Code    44  usart.o(.text)
    USART1_IRQHandler                        0x08004c7d   Thumb Code    64  usart.o(.text)
    ec200x_receive_process_event             0x08004cbd   Thumb Code    44  usart.o(.text)
    USART2_IRQHandler                        0x08004ce9   Thumb Code    76  usart.o(.text)
    USART3_IRQHandler                        0x08004d35   Thumb Code    90  usart.o(.text)
    __use_no_semihosting                     0x08004d8f   Thumb Code     2  use_no_semi_2.o(.text)
    __c89printf                              0x08004d91   Thumb Code    20  c89printf.o(.text)
    __c89vsnprintf                           0x08004da9   Thumb Code    48  c89vsnprintf.o(.text)
    __2printf                                0x08004ddd   Thumb Code    20  __2printf.o(.text)
    __2sprintf                               0x08004df5   Thumb Code    38  __2sprintf.o(.text)
    __2snprintf                              0x08004e21   Thumb Code    50  __2snprintf.o(.text)
    _printf_str                              0x08004e59   Thumb Code    82  _printf_str.o(.text)
    _printf_int_dec                          0x08004ead   Thumb Code   104  _printf_dec.o(.text)
    _printf_longlong_hex                     0x08004f25   Thumb Code    86  _printf_hex_int_ll_ptr.o(.text)
    _printf_int_hex                          0x08004f7b   Thumb Code    28  _printf_hex_int_ll_ptr.o(.text)
    _printf_ll_hex                           0x08004f97   Thumb Code    12  _printf_hex_int_ll_ptr.o(.text)
    _printf_hex_ptr                          0x08004fa3   Thumb Code    18  _printf_hex_int_ll_ptr.o(.text)
    __printf                                 0x08004fb9   Thumb Code   388  __printf_flags_ss_wp.o(.text)
    __0sscanf                                0x08005141   Thumb Code    52  __0sscanf.o(.text)
    _scanf_int                               0x0800517d   Thumb Code   332  _scanf_int.o(.text)
    _scanf_string                            0x080052c9   Thumb Code   224  _scanf_str.o(.text)
    strstr                                   0x080053a9   Thumb Code    36  strstr.o(.text)
    strlen                                   0x080053cd   Thumb Code    62  strlen.o(.text)
    __aeabi_memclr                           0x0800540b   Thumb Code     0  rt_memclr.o(.text)
    __rt_memclr                              0x0800540b   Thumb Code    68  rt_memclr.o(.text)
    _memset                                  0x0800540f   Thumb Code     0  rt_memclr.o(.text)
    __aeabi_memclr4                          0x0800544f   Thumb Code     0  rt_memclr_w.o(.text)
    __aeabi_memclr8                          0x0800544f   Thumb Code     0  rt_memclr_w.o(.text)
    __rt_memclr_w                            0x0800544f   Thumb Code    78  rt_memclr_w.o(.text)
    _memset_w                                0x08005453   Thumb Code     0  rt_memclr_w.o(.text)
    strncpy                                  0x0800549d   Thumb Code    86  strncpy.o(.text)
    strcmp                                   0x080054f5   Thumb Code   128  strcmpv7m.o(.text)
    __use_two_region_memory                  0x08005575   Thumb Code     2  heapauxi.o(.text)
    __rt_heap_escrow$2region                 0x08005577   Thumb Code     2  heapauxi.o(.text)
    __rt_heap_expand$2region                 0x08005579   Thumb Code     2  heapauxi.o(.text)
    __I$use$semihosting                      0x0800557b   Thumb Code     0  use_no_semi.o(.text)
    __use_no_semihosting_swi                 0x0800557b   Thumb Code     2  use_no_semi.o(.text)
    _printf_pre_padding                      0x0800557d   Thumb Code    44  _printf_pad.o(.text)
    _printf_post_padding                     0x080055a9   Thumb Code    34  _printf_pad.o(.text)
    _printf_truncate_signed                  0x080055cb   Thumb Code    18  _printf_truncate.o(.text)
    _printf_truncate_unsigned                0x080055dd   Thumb Code    18  _printf_truncate.o(.text)
    _printf_int_common                       0x080055ef   Thumb Code   178  _printf_intcommon.o(.text)
    _printf_charcount                        0x080056a1   Thumb Code    40  _printf_charcount.o(.text)
    _printf_char_common                      0x080056d3   Thumb Code    32  _printf_char_common.o(.text)
    _sputc                                   0x080056f9   Thumb Code    10  _sputc.o(.text)
    _snputc                                  0x08005703   Thumb Code    16  _snputc.o(.text)
    _printf_cs_common                        0x08005713   Thumb Code    20  _printf_char.o(.text)
    _printf_char                             0x08005727   Thumb Code    16  _printf_char.o(.text)
    _printf_string                           0x08005737   Thumb Code     8  _printf_char.o(.text)
    _printf_char_file                        0x08005741   Thumb Code    32  _printf_char_file.o(.text)
    _printf_wctomb                           0x08005765   Thumb Code   182  _printf_wctomb.o(.text)
    _printf_longlong_dec                     0x08005821   Thumb Code   108  _printf_longlong_dec.o(.text)
    _printf_longlong_oct                     0x0800589d   Thumb Code    68  _printf_oct_int_ll.o(.text)
    _printf_int_oct                          0x080058e1   Thumb Code    24  _printf_oct_int_ll.o(.text)
    _printf_ll_oct                           0x080058f9   Thumb Code    12  _printf_oct_int_ll.o(.text)
    _chval                                   0x0800590d   Thumb Code    28  _chval.o(.text)
    __vfscanf_char                           0x08005935   Thumb Code    24  scanf_char.o(.text)
    _sgetc                                   0x08005955   Thumb Code    30  _sgetc.o(.text)
    _sbackspace                              0x08005973   Thumb Code    34  _sgetc.o(.text)
    _ll_udiv10                               0x08005995   Thumb Code   138  lludiv10.o(.text)
    isspace                                  0x08005a1f   Thumb Code    18  isspace.o(.text)
    __lib_sel_fp_printf                      0x08005a31   Thumb Code     2  _printf_fp_dec.o(.text)
    _printf_fp_dec_real                      0x08005bdf   Thumb Code   620  _printf_fp_dec.o(.text)
    _printf_lcs_common                       0x08005e4b   Thumb Code    20  _printf_wchar.o(.text)
    _printf_wchar                            0x08005e5f   Thumb Code    16  _printf_wchar.o(.text)
    _printf_wstring                          0x08005e6f   Thumb Code     8  _printf_wchar.o(.text)
    __vfscanf                                0x08005e79   Thumb Code   878  _scanf.o(.text)
    ferror                                   0x080061ed   Thumb Code     8  ferror.o(.text)
    _wcrtomb                                 0x080061f5   Thumb Code    64  _wcrtomb.o(.text)
    __user_setup_stackheap                   0x08006235   Thumb Code    74  sys_stackheap_outer.o(.text)
    __rt_ctype_table                         0x08006281   Thumb Code    16  rt_ctype_table.o(.text)
    __rt_locale                              0x08006291   Thumb Code     8  rt_locale_intlibspace.o(.text)
    _printf_fp_infnan                        0x08006299   Thumb Code   112  _printf_fp_infnan.o(.text)
    _btod_etento                             0x08006319   Thumb Code   216  bigflt0.o(.text)
    exit                                     0x080063f5   Thumb Code    12  exit.o(.text)
    __user_libspace                          0x08006401   Thumb Code     8  libspace.o(.text)
    __user_perproc_libspace                  0x08006401   Thumb Code     0  libspace.o(.text)
    __user_perthread_libspace                0x08006401   Thumb Code     0  libspace.o(.text)
    _btod_d2e                                0x08006409   Thumb Code    62  btod.o(CL$$btod_d2e)
    _d2e_denorm_low                          0x08006447   Thumb Code    70  btod.o(CL$$btod_d2e_denorm_low)
    _d2e_norm_op1                            0x0800648d   Thumb Code    96  btod.o(CL$$btod_d2e_norm_op1)
    __btod_div_common                        0x080064ed   Thumb Code   696  btod.o(CL$$btod_div_common)
    _e2e                                     0x08006825   Thumb Code   198  btod.o(CL$$btod_e2e)
    _btod_ediv                               0x080068eb   Thumb Code    40  btod.o(CL$$btod_ediv)
    _btod_emul                               0x08006913   Thumb Code    40  btod.o(CL$$btod_emul)
    __btod_mult_common                       0x0800693b   Thumb Code   580  btod.o(CL$$btod_mult_common)
    __ARM_fpclassify                         0x08006b7f   Thumb Code    40  fpclassify.o(i.__ARM_fpclassify)
    _is_digit                                0x08006ba7   Thumb Code    14  __printf_wp.o(i._is_digit)
    _get_lc_numeric                          0x08006bb5   Thumb Code    44  lc_numeric_c.o(locale$$code)
    _get_lc_ctype                            0x08006be1   Thumb Code    44  lc_ctype_c.o(locale$$code)
    _printf_fp_dec                           0x08006c0d   Thumb Code     4  printf1.o(x$fpl$printf1)
    __I$use$fp                               0x08006c10   Number         0  usenofp.o(x$fpl$usenofp)
    gImage_qq                                0x08006c10   Data        3200  main.o(.constdata)
    asc16                                    0x08007890   Data        1521  gui.o(.constdata)
    sz32                                     0x08007e81   Data        1921  gui.o(.constdata)
    hz16                                     0x08008602   Data        1768  gui.o(.constdata)
    hz24                                     0x08008cea   Data        1406  gui.o(.constdata)
    Region$$Table$$Base                      0x08009468   Number         0  anon$$obj.o(Region$$Table)
    Region$$Table$$Limit                     0x08009488   Number         0  anon$$obj.o(Region$$Table)
    __ctype                                  0x080094b1   Data           0  lc_ctype_c.o(locale$$data)
    SystemCoreClock                          0x20000000   Data           4  system_stm32f10x.o(.data)
    AHBPrescTable                            0x20000004   Data          16  system_stm32f10x.o(.data)
    strx                                     0x20000028   Data           4  4g.o(.data)
    extstrx                                  0x2000002c   Data           4  4g.o(.data)
    errcount                                 0x20000030   Data           4  4g.o(.data)
    errCountData                             0x20000034   Data           4  4g.o(.data)
    Num                                      0x20000038   Data          10  qdtft_demo.o(.data)
    g_debug_level                            0x20000044   Data           4  log.o(.data)
    __stdout                                 0x2000004c   Data           4  usart.o(.data)
    CSTX_4G_Status                           0x20000050   Data         115  4g.o(.bss)
    ATSTR                                    0x200000c3   Data         256  4g.o(.bss)
    IMEINUMBER                               0x200001c3   Data         256  4g.o(.bss)
    g_deviceStatus                           0x200002c4   Data         128  func.o(.bss)
    buf                                      0x20000344   Data         128  log.o(.bss)
    buf_uart1                                0x200003c4   Data         264  usart.o(.bss)
    buf_uart2                                0x200004cc   Data         264  usart.o(.bss)
    buf_uart3                                0x200005d4   Data         264  usart.o(.bss)
    __libspace_start                         0x200006dc   Data          96  libspace.o(.bss)
    __temporary_stack_top$libspace           0x2000073c   Data           0  libspace.o(.bss)



==============================================================================

Memory Map of the image

  Image Entry point : 0x08000131

  Load Region LR_IROM1 (Base: 0x08000000, Size: 0x00009604, Max: 0x00020000, ABSOLUTE)

    Execution Region ER_IROM1 (Exec base: 0x08000000, Load base: 0x08000000, Size: 0x000095b4, Max: 0x00020000, ABSOLUTE)

    Exec Addr    Load Addr    Size         Type   Attr      Idx    E Section Name        Object

    0x08000000   0x08000000   0x00000130   Data   RO          504    RESET               startup_stm32f10x_hd.o
    0x08000130   0x08000130   0x00000008   Code   RO          811  * !!!main             c_w.l(__main.o)
    0x08000138   0x08000138   0x00000034   Code   RO         1085    !!!scatter          c_w.l(__scatter.o)
    0x0800016c   0x0800016c   0x0000001a   Code   RO         1087    !!handler_copy      c_w.l(__scatter_copy.o)
    0x08000186   0x08000186   0x00000002   PAD
    0x08000188   0x08000188   0x0000001c   Code   RO         1089    !!handler_zi        c_w.l(__scatter_zi.o)
    0x080001a4   0x080001a4   0x00000000   Code   RO          790    .ARM.Collect$$_printf_percent$$00000000  c_w.l(_printf_percent.o)
    0x080001a4   0x080001a4   0x00000006   Code   RO          846    .ARM.Collect$$_printf_percent$$00000001  c_w.l(_printf_n.o)
    0x080001aa   0x080001aa   0x00000006   Code   RO          847    .ARM.Collect$$_printf_percent$$00000002  c_w.l(_printf_p.o)
    0x080001b0   0x080001b0   0x00000006   Code   RO          851    .ARM.Collect$$_printf_percent$$00000003  c_w.l(_printf_f.o)
    0x080001b6   0x080001b6   0x00000006   Code   RO          852    .ARM.Collect$$_printf_percent$$00000004  c_w.l(_printf_e.o)
    0x080001bc   0x080001bc   0x00000006   Code   RO          853    .ARM.Collect$$_printf_percent$$00000005  c_w.l(_printf_g.o)
    0x080001c2   0x080001c2   0x00000006   Code   RO          854    .ARM.Collect$$_printf_percent$$00000006  c_w.l(_printf_a.o)
    0x080001c8   0x080001c8   0x0000000a   Code   RO          859    .ARM.Collect$$_printf_percent$$00000007  c_w.l(_printf_ll.o)
    0x080001d2   0x080001d2   0x00000006   Code   RO          849    .ARM.Collect$$_printf_percent$$00000008  c_w.l(_printf_i.o)
    0x080001d8   0x080001d8   0x00000006   Code   RO          789    .ARM.Collect$$_printf_percent$$00000009  c_w.l(_printf_d.o)
    0x080001de   0x080001de   0x00000006   Code   RO          850    .ARM.Collect$$_printf_percent$$0000000A  c_w.l(_printf_u.o)
    0x080001e4   0x080001e4   0x00000006   Code   RO          848    .ARM.Collect$$_printf_percent$$0000000B  c_w.l(_printf_o.o)
    0x080001ea   0x080001ea   0x00000006   Code   RO          788    .ARM.Collect$$_printf_percent$$0000000C  c_w.l(_printf_x.o)
    0x080001f0   0x080001f0   0x00000006   Code   RO          856    .ARM.Collect$$_printf_percent$$0000000D  c_w.l(_printf_lli.o)
    0x080001f6   0x080001f6   0x00000006   Code   RO          857    .ARM.Collect$$_printf_percent$$0000000E  c_w.l(_printf_lld.o)
    0x080001fc   0x080001fc   0x00000006   Code   RO          858    .ARM.Collect$$_printf_percent$$0000000F  c_w.l(_printf_llu.o)
    0x08000202   0x08000202   0x00000006   Code   RO          863    .ARM.Collect$$_printf_percent$$00000010  c_w.l(_printf_llo.o)
    0x08000208   0x08000208   0x00000006   Code   RO          864    .ARM.Collect$$_printf_percent$$00000011  c_w.l(_printf_llx.o)
    0x0800020e   0x0800020e   0x0000000a   Code   RO          860    .ARM.Collect$$_printf_percent$$00000012  c_w.l(_printf_l.o)
    0x08000218   0x08000218   0x00000006   Code   RO          845    .ARM.Collect$$_printf_percent$$00000013  c_w.l(_printf_c.o)
    0x0800021e   0x0800021e   0x00000006   Code   RO          787    .ARM.Collect$$_printf_percent$$00000014  c_w.l(_printf_s.o)
    0x08000224   0x08000224   0x00000006   Code   RO          861    .ARM.Collect$$_printf_percent$$00000015  c_w.l(_printf_lc.o)
    0x0800022a   0x0800022a   0x00000006   Code   RO          862    .ARM.Collect$$_printf_percent$$00000016  c_w.l(_printf_ls.o)
    0x08000230   0x08000230   0x00000004   Code   RO          855    .ARM.Collect$$_printf_percent$$00000017  c_w.l(_printf_percent_end.o)
    0x08000234   0x08000234   0x00000002   Code   RO          952    .ARM.Collect$$libinit$$00000000  c_w.l(libinit.o)
    0x08000236   0x08000236   0x00000000   Code   RO          967    .ARM.Collect$$libinit$$00000002  c_w.l(libinit2.o)
    0x08000236   0x08000236   0x00000000   Code   RO          969    .ARM.Collect$$libinit$$00000004  c_w.l(libinit2.o)
    0x08000236   0x08000236   0x00000000   Code   RO          972    .ARM.Collect$$libinit$$0000000A  c_w.l(libinit2.o)
    0x08000236   0x08000236   0x00000000   Code   RO          974    .ARM.Collect$$libinit$$0000000C  c_w.l(libinit2.o)
    0x08000236   0x08000236   0x00000000   Code   RO          976    .ARM.Collect$$libinit$$0000000E  c_w.l(libinit2.o)
    0x08000236   0x08000236   0x00000006   Code   RO          977    .ARM.Collect$$libinit$$0000000F  c_w.l(libinit2.o)
    0x0800023c   0x0800023c   0x00000000   Code   RO          979    .ARM.Collect$$libinit$$00000011  c_w.l(libinit2.o)
    0x0800023c   0x0800023c   0x0000000c   Code   RO          980    .ARM.Collect$$libinit$$00000012  c_w.l(libinit2.o)
    0x08000248   0x08000248   0x00000000   Code   RO          981    .ARM.Collect$$libinit$$00000013  c_w.l(libinit2.o)
    0x08000248   0x08000248   0x00000000   Code   RO          983    .ARM.Collect$$libinit$$00000015  c_w.l(libinit2.o)
    0x08000248   0x08000248   0x0000000a   Code   RO          984    .ARM.Collect$$libinit$$00000016  c_w.l(libinit2.o)
    0x08000252   0x08000252   0x00000000   Code   RO          985    .ARM.Collect$$libinit$$00000017  c_w.l(libinit2.o)
    0x08000252   0x08000252   0x00000000   Code   RO          987    .ARM.Collect$$libinit$$00000019  c_w.l(libinit2.o)
    0x08000252   0x08000252   0x00000000   Code   RO          989    .ARM.Collect$$libinit$$0000001B  c_w.l(libinit2.o)
    0x08000252   0x08000252   0x00000000   Code   RO          991    .ARM.Collect$$libinit$$0000001D  c_w.l(libinit2.o)
    0x08000252   0x08000252   0x00000000   Code   RO          993    .ARM.Collect$$libinit$$0000001F  c_w.l(libinit2.o)
    0x08000252   0x08000252   0x00000000   Code   RO          995    .ARM.Collect$$libinit$$00000021  c_w.l(libinit2.o)
    0x08000252   0x08000252   0x00000000   Code   RO          997    .ARM.Collect$$libinit$$00000023  c_w.l(libinit2.o)
    0x08000252   0x08000252   0x00000000   Code   RO          999    .ARM.Collect$$libinit$$00000025  c_w.l(libinit2.o)
    0x08000252   0x08000252   0x00000000   Code   RO         1003    .ARM.Collect$$libinit$$0000002C  c_w.l(libinit2.o)
    0x08000252   0x08000252   0x00000000   Code   RO         1005    .ARM.Collect$$libinit$$0000002E  c_w.l(libinit2.o)
    0x08000252   0x08000252   0x00000000   Code   RO         1007    .ARM.Collect$$libinit$$00000030  c_w.l(libinit2.o)
    0x08000252   0x08000252   0x00000000   Code   RO         1009    .ARM.Collect$$libinit$$00000032  c_w.l(libinit2.o)
    0x08000252   0x08000252   0x00000002   Code   RO         1010    .ARM.Collect$$libinit$$00000033  c_w.l(libinit2.o)
    0x08000254   0x08000254   0x00000002   Code   RO         1028    .ARM.Collect$$libshutdown$$00000000  c_w.l(libshutdown.o)
    0x08000256   0x08000256   0x00000000   Code   RO         1039    .ARM.Collect$$libshutdown$$00000003  c_w.l(libshutdown2.o)
    0x08000256   0x08000256   0x00000000   Code   RO         1042    .ARM.Collect$$libshutdown$$00000006  c_w.l(libshutdown2.o)
    0x08000256   0x08000256   0x00000000   Code   RO         1045    .ARM.Collect$$libshutdown$$00000009  c_w.l(libshutdown2.o)
    0x08000256   0x08000256   0x00000000   Code   RO         1047    .ARM.Collect$$libshutdown$$0000000B  c_w.l(libshutdown2.o)
    0x08000256   0x08000256   0x00000000   Code   RO         1050    .ARM.Collect$$libshutdown$$0000000E  c_w.l(libshutdown2.o)
    0x08000256   0x08000256   0x00000002   Code   RO         1051    .ARM.Collect$$libshutdown$$0000000F  c_w.l(libshutdown2.o)
    0x08000258   0x08000258   0x00000000   Code   RO          815    .ARM.Collect$$rtentry$$00000000  c_w.l(__rtentry.o)
    0x08000258   0x08000258   0x00000000   Code   RO          874    .ARM.Collect$$rtentry$$00000002  c_w.l(__rtentry2.o)
    0x08000258   0x08000258   0x00000006   Code   RO          886    .ARM.Collect$$rtentry$$00000004  c_w.l(__rtentry4.o)
    0x0800025e   0x0800025e   0x00000000   Code   RO          876    .ARM.Collect$$rtentry$$00000009  c_w.l(__rtentry2.o)
    0x0800025e   0x0800025e   0x00000004   Code   RO          877    .ARM.Collect$$rtentry$$0000000A  c_w.l(__rtentry2.o)
    0x08000262   0x08000262   0x00000000   Code   RO          879    .ARM.Collect$$rtentry$$0000000C  c_w.l(__rtentry2.o)
    0x08000262   0x08000262   0x00000008   Code   RO          880    .ARM.Collect$$rtentry$$0000000D  c_w.l(__rtentry2.o)
    0x0800026a   0x0800026a   0x00000002   Code   RO          961    .ARM.Collect$$rtexit$$00000000  c_w.l(rtexit.o)
    0x0800026c   0x0800026c   0x00000000   Code   RO         1012    .ARM.Collect$$rtexit$$00000002  c_w.l(rtexit2.o)
    0x0800026c   0x0800026c   0x00000004   Code   RO         1013    .ARM.Collect$$rtexit$$00000003  c_w.l(rtexit2.o)
    0x08000270   0x08000270   0x00000006   Code   RO         1014    .ARM.Collect$$rtexit$$00000004  c_w.l(rtexit2.o)
    0x08000276   0x08000276   0x00000002   PAD
    0x08000278   0x08000278   0x00000150   Code   RO            1    .text               main.o
    0x080003c8   0x080003c8   0x0000001a   Code   RO          115    .text               stm32f10x_it.o
    0x080003e2   0x080003e2   0x00000002   PAD
    0x080003e4   0x080003e4   0x0000024c   Code   RO          150    .text               system_stm32f10x.o
    0x08000630   0x08000630   0x000000dc   Code   RO          168    .text               misc.o
    0x0800070c   0x0800070c   0x000005bc   Code   RO          312    .text               stm32f10x_flash.o
    0x08000cc8   0x08000cc8   0x0000035c   Code   RO          336    .text               stm32f10x_gpio.o
    0x08001024   0x08001024   0x00000040   Code   RO          363    .text               stm32f10x_iwdg.o
    0x08001064   0x08001064   0x000003a4   Code   RO          393    .text               stm32f10x_rcc.o
    0x08001408   0x08001408   0x00000e1a   Code   RO          452    .text               stm32f10x_tim.o
    0x08002222   0x08002222   0x00000002   PAD
    0x08002224   0x08002224   0x00000408   Code   RO          464    .text               stm32f10x_usart.o
    0x0800262c   0x0800262c   0x00000040   Code   RO          505    .text               startup_stm32f10x_hd.o
    0x0800266c   0x0800266c   0x000000bc   Code   RO          509    .text               led.o
    0x08002728   0x08002728   0x0000002c   Code   RO          521    .text               wdg.o
    0x08002754   0x08002754   0x000000dc   Code   RO          533    .text               timer.o
    0x08002830   0x08002830   0x00000c14   Code   RO          546    .text               4g.o
    0x08003444   0x08003444   0x00000940   Code   RO          567    .text               gui.o
    0x08003d84   0x08003d84   0x0000043e   Code   RO          585    .text               lcd_driver.o
    0x080041c2   0x080041c2   0x00000002   PAD
    0x080041c4   0x080041c4   0x000002cc   Code   RO          600    .text               qdtft_demo.o
    0x08004490   0x08004490   0x000003ac   Code   RO          633    .text               func.o
    0x0800483c   0x0800483c   0x00000040   Code   RO          648    .text               log.o
    0x0800487c   0x0800487c   0x000000d4   Code   RO          671    .text               delay.o
    0x08004950   0x08004950   0x0000000c   Code   RO          685    .text               sys.o
    0x0800495c   0x0800495c   0x00000432   Code   RO          697    .text               usart.o
    0x08004d8e   0x08004d8e   0x00000002   Code   RO          722    .text               c_w.l(use_no_semi_2.o)
    0x08004d90   0x08004d90   0x00000018   Code   RO          724    .text               c_w.l(c89printf.o)
    0x08004da8   0x08004da8   0x00000034   Code   RO          726    .text               c_w.l(c89vsnprintf.o)
    0x08004ddc   0x08004ddc   0x00000018   Code   RO          728    .text               c_w.l(__2printf.o)
    0x08004df4   0x08004df4   0x0000002c   Code   RO          730    .text               c_w.l(__2sprintf.o)
    0x08004e20   0x08004e20   0x00000038   Code   RO          732    .text               c_w.l(__2snprintf.o)
    0x08004e58   0x08004e58   0x00000052   Code   RO          742    .text               c_w.l(_printf_str.o)
    0x08004eaa   0x08004eaa   0x00000002   PAD
    0x08004eac   0x08004eac   0x00000078   Code   RO          744    .text               c_w.l(_printf_dec.o)
    0x08004f24   0x08004f24   0x00000094   Code   RO          764    .text               c_w.l(_printf_hex_int_ll_ptr.o)
    0x08004fb8   0x08004fb8   0x00000188   Code   RO          784    .text               c_w.l(__printf_flags_ss_wp.o)
    0x08005140   0x08005140   0x0000003c   Code   RO          791    .text               c_w.l(__0sscanf.o)
    0x0800517c   0x0800517c   0x0000014c   Code   RO          793    .text               c_w.l(_scanf_int.o)
    0x080052c8   0x080052c8   0x000000e0   Code   RO          795    .text               c_w.l(_scanf_str.o)
    0x080053a8   0x080053a8   0x00000024   Code   RO          797    .text               c_w.l(strstr.o)
    0x080053cc   0x080053cc   0x0000003e   Code   RO          799    .text               c_w.l(strlen.o)
    0x0800540a   0x0800540a   0x00000044   Code   RO          801    .text               c_w.l(rt_memclr.o)
    0x0800544e   0x0800544e   0x0000004e   Code   RO          803    .text               c_w.l(rt_memclr_w.o)
    0x0800549c   0x0800549c   0x00000056   Code   RO          805    .text               c_w.l(strncpy.o)
    0x080054f2   0x080054f2   0x00000002   PAD
    0x080054f4   0x080054f4   0x00000080   Code   RO          807    .text               c_w.l(strcmpv7m.o)
    0x08005574   0x08005574   0x00000006   Code   RO          809    .text               c_w.l(heapauxi.o)
    0x0800557a   0x0800557a   0x00000002   Code   RO          813    .text               c_w.l(use_no_semi.o)
    0x0800557c   0x0800557c   0x0000004e   Code   RO          816    .text               c_w.l(_printf_pad.o)
    0x080055ca   0x080055ca   0x00000024   Code   RO          818    .text               c_w.l(_printf_truncate.o)
    0x080055ee   0x080055ee   0x000000b2   Code   RO          820    .text               c_w.l(_printf_intcommon.o)
    0x080056a0   0x080056a0   0x00000028   Code   RO          822    .text               c_w.l(_printf_charcount.o)
    0x080056c8   0x080056c8   0x00000030   Code   RO          824    .text               c_w.l(_printf_char_common.o)
    0x080056f8   0x080056f8   0x0000000a   Code   RO          826    .text               c_w.l(_sputc.o)
    0x08005702   0x08005702   0x00000010   Code   RO          828    .text               c_w.l(_snputc.o)
    0x08005712   0x08005712   0x0000002c   Code   RO          830    .text               c_w.l(_printf_char.o)
    0x0800573e   0x0800573e   0x00000002   PAD
    0x08005740   0x08005740   0x00000024   Code   RO          832    .text               c_w.l(_printf_char_file.o)
    0x08005764   0x08005764   0x000000bc   Code   RO          834    .text               c_w.l(_printf_wctomb.o)
    0x08005820   0x08005820   0x0000007c   Code   RO          837    .text               c_w.l(_printf_longlong_dec.o)
    0x0800589c   0x0800589c   0x00000070   Code   RO          843    .text               c_w.l(_printf_oct_int_ll.o)
    0x0800590c   0x0800590c   0x0000001c   Code   RO          865    .text               c_w.l(_chval.o)
    0x08005928   0x08005928   0x0000002c   Code   RO          867    .text               c_w.l(scanf_char.o)
    0x08005954   0x08005954   0x00000040   Code   RO          869    .text               c_w.l(_sgetc.o)
    0x08005994   0x08005994   0x0000008a   Code   RO          888    .text               c_w.l(lludiv10.o)
    0x08005a1e   0x08005a1e   0x00000012   Code   RO          890    .text               c_w.l(isspace.o)
    0x08005a30   0x08005a30   0x0000041a   Code   RO          892    .text               c_w.l(_printf_fp_dec.o)
    0x08005e4a   0x08005e4a   0x0000002c   Code   RO          896    .text               c_w.l(_printf_wchar.o)
    0x08005e76   0x08005e76   0x00000002   PAD
    0x08005e78   0x08005e78   0x00000374   Code   RO          898    .text               c_w.l(_scanf.o)
    0x080061ec   0x080061ec   0x00000008   Code   RO          900    .text               c_w.l(ferror.o)
    0x080061f4   0x080061f4   0x00000040   Code   RO          904    .text               c_w.l(_wcrtomb.o)
    0x08006234   0x08006234   0x0000004a   Code   RO          906    .text               c_w.l(sys_stackheap_outer.o)
    0x0800627e   0x0800627e   0x00000002   PAD
    0x08006280   0x08006280   0x00000010   Code   RO          908    .text               c_w.l(rt_ctype_table.o)
    0x08006290   0x08006290   0x00000008   Code   RO          913    .text               c_w.l(rt_locale_intlibspace.o)
    0x08006298   0x08006298   0x00000080   Code   RO          915    .text               c_w.l(_printf_fp_infnan.o)
    0x08006318   0x08006318   0x000000dc   Code   RO          917    .text               c_w.l(bigflt0.o)
    0x080063f4   0x080063f4   0x0000000c   Code   RO          945    .text               c_w.l(exit.o)
    0x08006400   0x08006400   0x00000008   Code   RO          958    .text               c_w.l(libspace.o)
    0x08006408   0x08006408   0x0000003e   Code   RO          920    CL$$btod_d2e        c_w.l(btod.o)
    0x08006446   0x08006446   0x00000046   Code   RO          922    CL$$btod_d2e_denorm_low  c_w.l(btod.o)
    0x0800648c   0x0800648c   0x00000060   Code   RO          921    CL$$btod_d2e_norm_op1  c_w.l(btod.o)
    0x080064ec   0x080064ec   0x00000338   Code   RO          930    CL$$btod_div_common  c_w.l(btod.o)
    0x08006824   0x08006824   0x000000c6   Code   RO          927    CL$$btod_e2e        c_w.l(btod.o)
    0x080068ea   0x080068ea   0x00000028   Code   RO          924    CL$$btod_ediv       c_w.l(btod.o)
    0x08006912   0x08006912   0x00000028   Code   RO          923    CL$$btod_emul       c_w.l(btod.o)
    0x0800693a   0x0800693a   0x00000244   Code   RO          929    CL$$btod_mult_common  c_w.l(btod.o)
    0x08006b7e   0x08006b7e   0x00000028   Code   RO          956    i.__ARM_fpclassify  m_ws.l(fpclassify.o)
    0x08006ba6   0x08006ba6   0x0000000e   Code   RO          777    i._is_digit         c_w.l(__printf_wp.o)
    0x08006bb4   0x08006bb4   0x0000002c   Code   RO          943    locale$$code        c_w.l(lc_numeric_c.o)
    0x08006be0   0x08006be0   0x0000002c   Code   RO          964    locale$$code        c_w.l(lc_ctype_c.o)
    0x08006c0c   0x08006c0c   0x00000004   Code   RO          871    x$fpl$printf1       fz_ws.l(printf1.o)
    0x08006c10   0x08006c10   0x00000000   Code   RO          955    x$fpl$usenofp       fz_ws.l(usenofp.o)
    0x08006c10   0x08006c10   0x00000c80   Data   RO            2    .constdata          main.o
    0x08007890   0x08007890   0x000019d8   Data   RO          568    .constdata          gui.o
    0x08009268   0x08009268   0x00000028   Data   RO          765    .constdata          c_w.l(_printf_hex_int_ll_ptr.o)
    0x08009290   0x08009290   0x00000011   Data   RO          785    .constdata          c_w.l(__printf_flags_ss_wp.o)
    0x080092a1   0x080092a1   0x00000003   PAD
    0x080092a4   0x080092a4   0x00000008   Data   RO          835    .constdata          c_w.l(_printf_wctomb.o)
    0x080092ac   0x080092ac   0x00000094   Data   RO          918    .constdata          c_w.l(bigflt0.o)
    0x08009340   0x08009340   0x00000066   Data   RO            3    .conststring        main.o
    0x080093a6   0x080093a6   0x00000002   PAD
    0x080093a8   0x080093a8   0x000000bf   Data   RO          548    .conststring        4g.o
    0x08009467   0x08009467   0x00000001   PAD
    0x08009468   0x08009468   0x00000020   Data   RO         1083    Region$$Table       anon$$obj.o
    0x08009488   0x08009488   0x0000001c   Data   RO          942    locale$$data        c_w.l(lc_numeric_c.o)
    0x080094a4   0x080094a4   0x00000110   Data   RO          963    locale$$data        c_w.l(lc_ctype_c.o)


    Execution Region RW_IRAM1 (Exec base: 0x20000000, Load base: 0x080095b4, Size: 0x00000d40, Max: 0x00005000, ABSOLUTE)

    Exec Addr    Load Addr    Size         Type   Attr      Idx    E Section Name        Object

    0x20000000   0x080095b4   0x00000014   Data   RW          151    .data               system_stm32f10x.o
    0x20000014   0x080095c8   0x00000014   Data   RW          394    .data               stm32f10x_rcc.o
    0x20000028   0x080095dc   0x00000010   Data   RW          549    .data               4g.o
    0x20000038   0x080095ec   0x0000000a   Data   RW          601    .data               qdtft_demo.o
    0x20000042   0x080095f6   0x00000002   PAD
    0x20000044   0x080095f8   0x00000004   Data   RW          650    .data               log.o
    0x20000048   0x080095fc   0x00000004   Data   RW          672    .data               delay.o
    0x2000004c   0x08009600   0x00000004   Data   RW          699    .data               usart.o
    0x20000050        -       0x00000273   Zero   RW          547    .bss                4g.o
    0x200002c3   0x08009604   0x00000001   PAD
    0x200002c4        -       0x00000080   Zero   RW          634    .bss                func.o
    0x20000344        -       0x00000080   Zero   RW          649    .bss                log.o
    0x200003c4        -       0x00000318   Zero   RW          698    .bss                usart.o
    0x200006dc        -       0x00000060   Zero   RW          959    .bss                c_w.l(libspace.o)
    0x2000073c   0x08009604   0x00000004   PAD
    0x20000740        -       0x00000200   Zero   RW          503    HEAP                startup_stm32f10x_hd.o
    0x20000940        -       0x00000400   Zero   RW          502    STACK               startup_stm32f10x_hd.o


==============================================================================

Image component sizes


      Code (inc. data)   RO Data    RW Data    ZI Data      Debug   Object Name

      3092       1054        191         16        627      19602   4g.o
         0          0          0          0          0         32   core_cm3.o
       212         18          0          4          0        947   delay.o
       940        268          0          0        128       2976   func.o
      2368         18       6616          0          0       5817   gui.o
      1086         14          0          0          0       3237   lcd_driver.o
       188         14          0          0          0        763   led.o
        64         10          0          4        128       3061   log.o
       336        150       3302          0          0     259527   main.o
       220         22          0          0          0       1729   misc.o
       716        164          0         10          0       1832   qdtft_demo.o
        64         26        304          0       1536        768   startup_stm32f10x_hd.o
      1468         34          0          0          0       7962   stm32f10x_flash.o
       860         38          0          0          0       5577   stm32f10x_gpio.o
        26          0          0          0          0       1146   stm32f10x_it.o
        64          6          0          0          0       1233   stm32f10x_iwdg.o
       932         36          0         20          0       8716   stm32f10x_rcc.o
      3610         88          0          0          0      22060   stm32f10x_tim.o
      1032         22          0          0          0       8300   stm32f10x_usart.o
        12          0          0          0          0        417   sys.o
       588         36          0         20          0       1889   system_stm32f10x.o
       220         14          0          0          0       1026   timer.o
      1074         36          0          4        792       6234   usart.o
        44          0          0          0          0        606   wdg.o

    ----------------------------------------------------------------------
     19222       2068      10448         80       3212     365457   Object Totals
         0          0         32          0          0          0   (incl. Generated)
         6          0          3          2          1          0   (incl. Padding)

    ----------------------------------------------------------------------

      Code (inc. data)   RO Data    RW Data    ZI Data      Debug   Library Member Name

        60          8          0          0          0         84   __0sscanf.o
        24          4          0          0          0         84   __2printf.o
        56          6          0          0          0         88   __2snprintf.o
        44          6          0          0          0         84   __2sprintf.o
         8          0          0          0          0         68   __main.o
       392          4         17          0          0         92   __printf_flags_ss_wp.o
        14          0          0          0          0         68   __printf_wp.o
         0          0          0          0          0          0   __rtentry.o
        12          0          0          0          0          0   __rtentry2.o
         6          0          0          0          0          0   __rtentry4.o
        52          8          0          0          0          0   __scatter.o
        26          0          0          0          0          0   __scatter_copy.o
        28          0          0          0          0          0   __scatter_zi.o
        28          0          0          0          0         68   _chval.o
         6          0          0          0          0          0   _printf_a.o
         6          0          0          0          0          0   _printf_c.o
        44          0          0          0          0        108   _printf_char.o
        48          6          0          0          0         96   _printf_char_common.o
        36          4          0          0          0         80   _printf_char_file.o
        40          0          0          0          0         68   _printf_charcount.o
         6          0          0          0          0          0   _printf_d.o
       120         16          0          0          0         92   _printf_dec.o
         6          0          0          0          0          0   _printf_e.o
         6          0          0          0          0          0   _printf_f.o
      1050          0          0          0          0        216   _printf_fp_dec.o
       128         16          0          0          0         84   _printf_fp_infnan.o
         6          0          0          0          0          0   _printf_g.o
       148          4         40          0          0        160   _printf_hex_int_ll_ptr.o
         6          0          0          0          0          0   _printf_i.o
       178          0          0          0          0         88   _printf_intcommon.o
        10          0          0          0          0          0   _printf_l.o
         6          0          0          0          0          0   _printf_lc.o
        10          0          0          0          0          0   _printf_ll.o
         6          0          0          0          0          0   _printf_lld.o
         6          0          0          0          0          0   _printf_lli.o
         6          0          0          0          0          0   _printf_llo.o
         6          0          0          0          0          0   _printf_llu.o
         6          0          0          0          0          0   _printf_llx.o
       124         16          0          0          0         92   _printf_longlong_dec.o
         6          0          0          0          0          0   _printf_ls.o
         6          0          0          0          0          0   _printf_n.o
         6          0          0          0          0          0   _printf_o.o
       112          8          0          0          0        124   _printf_oct_int_ll.o
         6          0          0          0          0          0   _printf_p.o
        78          0          0          0          0        108   _printf_pad.o
         0          0          0          0          0          0   _printf_percent.o
         4          0          0          0          0          0   _printf_percent_end.o
         6          0          0          0          0          0   _printf_s.o
        82          0          0          0          0         80   _printf_str.o
        36          0          0          0          0         84   _printf_truncate.o
         6          0          0          0          0          0   _printf_u.o
        44          0          0          0          0        108   _printf_wchar.o
       188          6          8          0          0         92   _printf_wctomb.o
         6          0          0          0          0          0   _printf_x.o
       884          6          0          0          0        100   _scanf.o
       332          0          0          0          0         96   _scanf_int.o
       224          0          0          0          0         96   _scanf_str.o
        64          0          0          0          0         84   _sgetc.o
        16          0          0          0          0         68   _snputc.o
        10          0          0          0          0         68   _sputc.o
        64          0          0          0          0         92   _wcrtomb.o
       220          4        148          0          0         96   bigflt0.o
      1910        128          0          0          0        672   btod.o
        24          4          0          0          0         84   c89printf.o
        52          4          0          0          0         80   c89vsnprintf.o
        12          0          0          0          0         72   exit.o
         8          0          0          0          0         68   ferror.o
         6          0          0          0          0        152   heapauxi.o
        18          0          0          0          0         76   isspace.o
        44         10        272          0          0         76   lc_ctype_c.o
        44         10         28          0          0         76   lc_numeric_c.o
         2          0          0          0          0          0   libinit.o
        30          0          0          0          0          0   libinit2.o
         2          0          0          0          0          0   libshutdown.o
         2          0          0          0          0          0   libshutdown2.o
         8          4          0          0         96         68   libspace.o
       138          0          0          0          0         80   lludiv10.o
        16          4          0          0          0         76   rt_ctype_table.o
         8          4          0          0          0         68   rt_locale_intlibspace.o
        68          0          0          0          0         68   rt_memclr.o
        78          0          0          0          0         80   rt_memclr_w.o
         2          0          0          0          0          0   rtexit.o
        10          0          0          0          0          0   rtexit2.o
        44          8          0          0          0         84   scanf_char.o
       128          0          0          0          0         68   strcmpv7m.o
        62          0          0          0          0         76   strlen.o
        86          0          0          0          0         76   strncpy.o
        36          0          0          0          0         80   strstr.o
        74          0          0          0          0         80   sys_stackheap_outer.o
         2          0          0          0          0         68   use_no_semi.o
         2          0          0          0          0         68   use_no_semi_2.o
         4          0          0          0          0         68   printf1.o
         0          0          0          0          0          0   usenofp.o
        40          0          0          0          0         68   fpclassify.o

    ----------------------------------------------------------------------
      8138        298        516          0        100       5548   Library Totals
        14          0          3          0          4          0   (incl. Padding)

    ----------------------------------------------------------------------

      Code (inc. data)   RO Data    RW Data    ZI Data      Debug   Library Name

      8080        298        513          0         96       5412   c_w.l
         4          0          0          0          0         68   fz_ws.l
        40          0          0          0          0         68   m_ws.l

    ----------------------------------------------------------------------
      8138        298        516          0        100       5548   Library Totals

    ----------------------------------------------------------------------

==============================================================================


      Code (inc. data)   RO Data    RW Data    ZI Data      Debug   

     27360       2366      10964         80       3312     366113   Grand Totals
     27360       2366      10964         80       3312     366113   ELF Image Totals
     27360       2366      10964         80          0          0   ROM Totals

==============================================================================

    Total RO  Size (Code + RO Data)                38324 (  37.43kB)
    Total RW  Size (RW Data + ZI Data)              3392 (   3.31kB)
    Total ROM Size (Code + RO Data + RW Data)      38404 (  37.50kB)

==============================================================================

